Archive member included to satisfy reference by file (symbol)

d:/programmi/stm32cubeide_1.5.1/stm32cubeide/plugins/com.st.stm32cube.ide.mcu.externaltools.gnu-tools-for-stm32.7-2018-q2-update.win32_1.5.0.202011040924/tools/bin/../lib/gcc/arm-none-eabi/7.3.1/../../../../arm-none-eabi/lib/thumb/v7e-m/fpv5/hard\libc_nano.a(lib_a-errno.o)
                              Core/Src/syscalls.o (__errno)
d:/programmi/stm32cubeide_1.5.1/stm32cubeide/plugins/com.st.stm32cube.ide.mcu.externaltools.gnu-tools-for-stm32.7-2018-q2-update.win32_1.5.0.202011040924/tools/bin/../lib/gcc/arm-none-eabi/7.3.1/../../../../arm-none-eabi/lib/thumb/v7e-m/fpv5/hard\libc_nano.a(lib_a-exit.o)
                              d:/programmi/stm32cubeide_1.5.1/stm32cubeide/plugins/com.st.stm32cube.ide.mcu.externaltools.gnu-tools-for-stm32.7-2018-q2-update.win32_1.5.0.202011040924/tools/bin/../lib/gcc/arm-none-eabi/7.3.1/../../../../arm-none-eabi/lib/thumb/v7e-m/fpv5/hard/crt0.o (exit)
d:/programmi/stm32cubeide_1.5.1/stm32cubeide/plugins/com.st.stm32cube.ide.mcu.externaltools.gnu-tools-for-stm32.7-2018-q2-update.win32_1.5.0.202011040924/tools/bin/../lib/gcc/arm-none-eabi/7.3.1/../../../../arm-none-eabi/lib/thumb/v7e-m/fpv5/hard\libc_nano.a(lib_a-impure.o)
                              d:/programmi/stm32cubeide_1.5.1/stm32cubeide/plugins/com.st.stm32cube.ide.mcu.externaltools.gnu-tools-for-stm32.7-2018-q2-update.win32_1.5.0.202011040924/tools/bin/../lib/gcc/arm-none-eabi/7.3.1/../../../../arm-none-eabi/lib/thumb/v7e-m/fpv5/hard\libc_nano.a(lib_a-exit.o) (_global_impure_ptr)
d:/programmi/stm32cubeide_1.5.1/stm32cubeide/plugins/com.st.stm32cube.ide.mcu.externaltools.gnu-tools-for-stm32.7-2018-q2-update.win32_1.5.0.202011040924/tools/bin/../lib/gcc/arm-none-eabi/7.3.1/../../../../arm-none-eabi/lib/thumb/v7e-m/fpv5/hard\libc_nano.a(lib_a-init.o)
                              d:/programmi/stm32cubeide_1.5.1/stm32cubeide/plugins/com.st.stm32cube.ide.mcu.externaltools.gnu-tools-for-stm32.7-2018-q2-update.win32_1.5.0.202011040924/tools/bin/../lib/gcc/arm-none-eabi/7.3.1/../../../../arm-none-eabi/lib/thumb/v7e-m/fpv5/hard/crt0.o (__libc_init_array)
d:/programmi/stm32cubeide_1.5.1/stm32cubeide/plugins/com.st.stm32cube.ide.mcu.externaltools.gnu-tools-for-stm32.7-2018-q2-update.win32_1.5.0.202011040924/tools/bin/../lib/gcc/arm-none-eabi/7.3.1/../../../../arm-none-eabi/lib/thumb/v7e-m/fpv5/hard\libc_nano.a(lib_a-memset.o)
                              d:/programmi/stm32cubeide_1.5.1/stm32cubeide/plugins/com.st.stm32cube.ide.mcu.externaltools.gnu-tools-for-stm32.7-2018-q2-update.win32_1.5.0.202011040924/tools/bin/../lib/gcc/arm-none-eabi/7.3.1/../../../../arm-none-eabi/lib/thumb/v7e-m/fpv5/hard/crt0.o (memset)
d:/programmi/stm32cubeide_1.5.1/stm32cubeide/plugins/com.st.stm32cube.ide.mcu.externaltools.gnu-tools-for-stm32.7-2018-q2-update.win32_1.5.0.202011040924/tools/bin/../lib/gcc/arm-none-eabi/7.3.1/thumb/v7e-m/fpv5/hard\libgcc.a(_aeabi_uldivmod.o)
                              Drivers/STM32F7xx_HAL_Driver/Src/stm32f7xx_hal_rcc.o (__aeabi_uldivmod)
d:/programmi/stm32cubeide_1.5.1/stm32cubeide/plugins/com.st.stm32cube.ide.mcu.externaltools.gnu-tools-for-stm32.7-2018-q2-update.win32_1.5.0.202011040924/tools/bin/../lib/gcc/arm-none-eabi/7.3.1/thumb/v7e-m/fpv5/hard\libgcc.a(_udivmoddi4.o)
                              d:/programmi/stm32cubeide_1.5.1/stm32cubeide/plugins/com.st.stm32cube.ide.mcu.externaltools.gnu-tools-for-stm32.7-2018-q2-update.win32_1.5.0.202011040924/tools/bin/../lib/gcc/arm-none-eabi/7.3.1/thumb/v7e-m/fpv5/hard\libgcc.a(_aeabi_uldivmod.o) (__udivmoddi4)
d:/programmi/stm32cubeide_1.5.1/stm32cubeide/plugins/com.st.stm32cube.ide.mcu.externaltools.gnu-tools-for-stm32.7-2018-q2-update.win32_1.5.0.202011040924/tools/bin/../lib/gcc/arm-none-eabi/7.3.1/thumb/v7e-m/fpv5/hard\libgcc.a(_dvmd_tls.o)
                              d:/programmi/stm32cubeide_1.5.1/stm32cubeide/plugins/com.st.stm32cube.ide.mcu.externaltools.gnu-tools-for-stm32.7-2018-q2-update.win32_1.5.0.202011040924/tools/bin/../lib/gcc/arm-none-eabi/7.3.1/thumb/v7e-m/fpv5/hard\libgcc.a(_aeabi_uldivmod.o) (__aeabi_ldiv0)

Allocating common symbols
Common symbol       size              file

PWMBlinkIndex       0x1               Core/Src/app_main.o
htim4               0x40              Core/Src/app_main.o
oldDirection        0x1               Core/Src/app_main.o
oldCounterEncoder   0x4               Core/Src/app_main.o
uwTick              0x4               Drivers/STM32F7xx_HAL_Driver/Src/stm32f7xx_hal.o
pFlash              0x1c              Drivers/STM32F7xx_HAL_Driver/Src/stm32f7xx_hal_flash.o
toTrigger           0x4               Core/Src/app_main.o
htim3               0x40              Core/Src/app_main.o
direction           0x1               Core/Src/app_main.o
counterEncoder      0x4               Core/Src/app_main.o
isPWMBlink          0x1               Core/Src/app_main.o
htim6               0x40              Core/Src/app_main.o
[...]
Memory Configuration

Name             Origin             Length             Attributes
RAM              0x0000000020000000 0x0000000000080000 xrw
FLASH            0x0000000008000000 0x0000000000200000 xr
*default*        0x0000000000000000 0xffffffffffffffff

Linker script and memory map

LOAD d:/programmi/stm32cubeide_1.5.1/stm32cubeide/plugins/com.st.stm32cube.ide.mcu.externaltools.gnu-tools-for-stm32.7-2018-q2-update.win32_1.5.0.202011040924/tools/bin/../lib/gcc/arm-none-eabi/7.3.1/thumb/v7e-m/fpv5/hard/crti.o
LOAD d:/programmi/stm32cubeide_1.5.1/stm32cubeide/plugins/com.st.stm32cube.ide.mcu.externaltools.gnu-tools-for-stm32.7-2018-q2-update.win32_1.5.0.202011040924/tools/bin/../lib/gcc/arm-none-eabi/7.3.1/thumb/v7e-m/fpv5/hard/crtbegin.o
LOAD d:/programmi/stm32cubeide_1.5.1/stm32cubeide/plugins/com.st.stm32cube.ide.mcu.externaltools.gnu-tools-for-stm32.7-2018-q2-update.win32_1.5.0.202011040924/tools/bin/../lib/gcc/arm-none-eabi/7.3.1/../../../../arm-none-eabi/lib/thumb/v7e-m/fpv5/hard/crt0.o
LOAD Core/Src/app_main.o
LOAD Core/Src/main.o
LOAD Core/Src/stm32f7xx_hal_msp.o
LOAD Core/Src/stm32f7xx_it.o
LOAD Core/Src/syscalls.o
LOAD Core/Src/sysmem.o
LOAD Core/Src/system_stm32f7xx.o
LOAD Core/Startup/startup_stm32f767zitx.o
LOAD Drivers/STM32F7xx_HAL_Driver/Src/stm32f7xx_hal.o
LOAD Drivers/STM32F7xx_HAL_Driver/Src/stm32f7xx_hal_cortex.o
LOAD Drivers/STM32F7xx_HAL_Driver/Src/stm32f7xx_hal_dma.o
LOAD Drivers/STM32F7xx_HAL_Driver/Src/stm32f7xx_hal_dma_ex.o
LOAD Drivers/STM32F7xx_HAL_Driver/Src/stm32f7xx_hal_exti.o
LOAD Drivers/STM32F7xx_HAL_Driver/Src/stm32f7xx_hal_flash.o
LOAD Drivers/STM32F7xx_HAL_Driver/Src/stm32f7xx_hal_flash_ex.o
LOAD Drivers/STM32F7xx_HAL_Driver/Src/stm32f7xx_hal_gpio.o
LOAD Drivers/STM32F7xx_HAL_Driver/Src/stm32f7xx_hal_i2c.o
LOAD Drivers/STM32F7xx_HAL_Driver/Src/stm32f7xx_hal_i2c_ex.o
LOAD Drivers/STM32F7xx_HAL_Driver/Src/stm32f7xx_hal_pwr.o
LOAD Drivers/STM32F7xx_HAL_Driver/Src/stm32f7xx_hal_pwr_ex.o
LOAD Drivers/STM32F7xx_HAL_Driver/Src/stm32f7xx_hal_rcc.o
LOAD Drivers/STM32F7xx_HAL_Driver/Src/stm32f7xx_hal_rcc_ex.o
LOAD Drivers/STM32F7xx_HAL_Driver/Src/stm32f7xx_hal_tim.o
LOAD Drivers/STM32F7xx_HAL_Driver/Src/stm32f7xx_hal_tim_ex.o
START GROUP
LOAD d:/programmi/stm32cubeide_1.5.1/stm32cubeide/plugins/com.st.stm32cube.ide.mcu.externaltools.gnu-tools-for-stm32.7-2018-q2-update.win32_1.5.0.202011040924/tools/bin/../lib/gcc/arm-none-eabi/7.3.1/../../../../arm-none-eabi/lib/thumb/v7e-m/fpv5/hard\libc_nano.a
LOAD d:/programmi/stm32cubeide_1.5.1/stm32cubeide/plugins/com.st.stm32cube.ide.mcu.externaltools.gnu-tools-for-stm32.7-2018-q2-update.win32_1.5.0.202011040924/tools/bin/../lib/gcc/arm-none-eabi/7.3.1/../../../../arm-none-eabi/lib/thumb/v7e-m/fpv5/hard\libm.a
END GROUP
START GROUP
LOAD d:/programmi/stm32cubeide_1.5.1/stm32cubeide/plugins/com.st.stm32cube.ide.mcu.externaltools.gnu-tools-for-stm32.7-2018-q2-update.win32_1.5.0.202011040924/tools/bin/../lib/gcc/arm-none-eabi/7.3.1/thumb/v7e-m/fpv5/hard\libgcc.a
LOAD d:/programmi/stm32cubeide_1.5.1/stm32cubeide/plugins/com.st.stm32cube.ide.mcu.externaltools.gnu-tools-for-stm32.7-2018-q2-update.win32_1.5.0.202011040924/tools/bin/../lib/gcc/arm-none-eabi/7.3.1/../../../../arm-none-eabi/lib/thumb/v7e-m/fpv5/hard\libc_nano.a
END GROUP
START GROUP
LOAD d:/programmi/stm32cubeide_1.5.1/stm32cubeide/plugins/com.st.stm32cube.ide.mcu.externaltools.gnu-tools-for-stm32.7-2018-q2-update.win32_1.5.0.202011040924/tools/bin/../lib/gcc/arm-none-eabi/7.3.1/thumb/v7e-m/fpv5/hard\libgcc.a
LOAD d:/programmi/stm32cubeide_1.5.1/stm32cubeide/plugins/com.st.stm32cube.ide.mcu.externaltools.gnu-tools-for-stm32.7-2018-q2-update.win32_1.5.0.202011040924/tools/bin/../lib/gcc/arm-none-eabi/7.3.1/../../../../arm-none-eabi/lib/thumb/v7e-m/fpv5/hard\libc_nano.a
LOAD d:/programmi/stm32cubeide_1.5.1/stm32cubeide/plugins/com.st.stm32cube.ide.mcu.externaltools.gnu-tools-for-stm32.7-2018-q2-update.win32_1.5.0.202011040924/tools/bin/../lib/gcc/arm-none-eabi/7.3.1/../../../../arm-none-eabi/lib/thumb/v7e-m/fpv5/hard\libnosys.a
END GROUP
START GROUP
LOAD d:/programmi/stm32cubeide_1.5.1/stm32cubeide/plugins/com.st.stm32cube.ide.mcu.externaltools.gnu-tools-for-stm32.7-2018-q2-update.win32_1.5.0.202011040924/tools/bin/../lib/gcc/arm-none-eabi/7.3.1/thumb/v7e-m/fpv5/hard\libgcc.a
LOAD d:/programmi/stm32cubeide_1.5.1/stm32cubeide/plugins/com.st.stm32cube.ide.mcu.externaltools.gnu-tools-for-stm32.7-2018-q2-update.win32_1.5.0.202011040924/tools/bin/../lib/gcc/arm-none-eabi/7.3.1/../../../../arm-none-eabi/lib/thumb/v7e-m/fpv5/hard\libc_nano.a
LOAD d:/programmi/stm32cubeide_1.5.1/stm32cubeide/plugins/com.st.stm32cube.ide.mcu.externaltools.gnu-tools-for-stm32.7-2018-q2-update.win32_1.5.0.202011040924/tools/bin/../lib/gcc/arm-none-eabi/7.3.1/../../../../arm-none-eabi/lib/thumb/v7e-m/fpv5/hard\libnosys.a
END GROUP
LOAD d:/programmi/stm32cubeide_1.5.1/stm32cubeide/plugins/com.st.stm32cube.ide.mcu.externaltools.gnu-tools-for-stm32.7-2018-q2-update.win32_1.5.0.202011040924/tools/bin/../lib/gcc/arm-none-eabi/7.3.1/thumb/v7e-m/fpv5/hard/crtend.o
LOAD d:/programmi/stm32cubeide_1.5.1/stm32cubeide/plugins/com.st.stm32cube.ide.mcu.externaltools.gnu-tools-for-stm32.7-2018-q2-update.win32_1.5.0.202011040924/tools/bin/../lib/gcc/arm-none-eabi/7.3.1/thumb/v7e-m/fpv5/hard/crtn.o
                0x0000000020080000                _estack = (ORIGIN (RAM) + LENGTH (RAM))
                0x0000000000000200                _Min_Heap_Size = 0x200
                0x0000000000000400                _Min_Stack_Size = 0x400

.isr_vector     0x0000000008000000      0x1f8
                0x0000000008000000                . = ALIGN (0x4)
 *(.isr_vector)
 .isr_vector    0x0000000008000000      0x1f8 Core/Startup/startup_stm32f767zitx.o
                0x0000000008000000                g_pfnVectors
                0x00000000080001f8                . = ALIGN (0x4)

.text           0x00000000080001f8     0x32b4
                0x00000000080001f8                . = ALIGN (0x4)
 *(.text)
 .text          0x00000000080001f8       0x40 d:/programmi/stm32cubeide_1.5.1/stm32cubeide/plugins/com.st.stm32cube.ide.mcu.externaltools.gnu-tools-for-stm32.7-2018-q2-update.win32_1.5.0.202011040924/tools/bin/../lib/gcc/arm-none-eabi/7.3.1/thumb/v7e-m/fpv5/hard/crtbegin.o
 .text          0x0000000008000238       0x30 d:/programmi/stm32cubeide_1.5.1/stm32cubeide/plugins/com.st.stm32cube.ide.mcu.externaltools.gnu-tools-for-stm32.7-2018-q2-update.win32_1.5.0.202011040924/tools/bin/../lib/gcc/arm-none-eabi/7.3.1/thumb/v7e-m/fpv5/hard\libgcc.a(_aeabi_uldivmod.o)
                0x0000000008000238                __aeabi_uldivmod
 .text          0x0000000008000268      0x2cc d:/programmi/stm32cubeide_1.5.1/stm32cubeide/plugins/com.st.stm32cube.ide.mcu.externaltools.gnu-tools-for-stm32.7-2018-q2-update.win32_1.5.0.202011040924/tools/bin/../lib/gcc/arm-none-eabi/7.3.1/thumb/v7e-m/fpv5/hard\libgcc.a(_udivmoddi4.o)
                0x0000000008000268                __udivmoddi4
 .text          0x0000000008000534        0x4 d:/programmi/stm32cubeide_1.5.1/stm32cubeide/plugins/com.st.stm32cube.ide.mcu.externaltools.gnu-tools-for-stm32.7-2018-q2-update.win32_1.5.0.202011040924/tools/bin/../lib/gcc/arm-none-eabi/7.3.1/thumb/v7e-m/fpv5/hard\libgcc.a(_dvmd_tls.o)
                0x0000000008000534                __aeabi_idiv0
                0x0000000008000534                __aeabi_ldiv0
 *(.text*)
 .text.app_main
                0x0000000008000538      0x1dc Core/Src/app_main.o
                0x0000000008000538                app_main
 .text.HAL_TIM_PeriodElapsedCallback
                0x0000000008000714       0xd0 Core/Src/app_main.o
                0x0000000008000714                HAL_TIM_PeriodElapsedCallback
 .text.setPWMLightEncoder
                0x00000000080007e4       0x50 Core/Src/app_main.o
 .text.EncoderValueChanged
                0x0000000008000834       0x20 Core/Src/app_main.o
 .text.EncoderDirectionChanged
                0x0000000008000854       0x16 Core/Src/app_main.o
 .text.main     0x000000000800086a       0x26 Core/Src/main.o
                0x000000000800086a                main
 .text.SystemClock_Config
                0x0000000008000890       0xdc Core/Src/main.o
                0x0000000008000890                SystemClock_Config
 .text.MX_TIM1_Init
                0x000000000800096c       0xa8 Core/Src/main.o
 .text.MX_TIM3_Init
                0x0000000008000a14       0xf8 Core/Src/main.o
 .text.MX_TIM4_Init
                0x0000000008000b0c       0xa8 Core/Src/main.o
 .text.MX_TIM6_Init
                0x0000000008000bb4       0x70 Core/Src/main.o
 .text.MX_GPIO_Init
                0x0000000008000c24      0x1c4 Core/Src/main.o
 .text.Error_Handler
                0x0000000008000de8        0x8 Core/Src/main.o
                0x0000000008000de8                Error_Handler
 .text.HAL_MspInit
                0x0000000008000df0       0x48 Core/Src/stm32f7xx_hal_msp.o
                0x0000000008000df0                HAL_MspInit
 .text.HAL_TIM_Base_MspInit
                0x0000000008000e38       0x84 Core/Src/stm32f7xx_hal_msp.o
                0x0000000008000e38                HAL_TIM_Base_MspInit
 .text.HAL_TIM_PWM_MspInit
                0x0000000008000ebc       0x40 Core/Src/stm32f7xx_hal_msp.o
                0x0000000008000ebc                HAL_TIM_PWM_MspInit
 .text.HAL_TIM_Encoder_MspInit
                0x0000000008000efc       0x88 Core/Src/stm32f7xx_hal_msp.o
                0x0000000008000efc                HAL_TIM_Encoder_MspInit
 .text.HAL_TIM_MspPostInit
                0x0000000008000f84       0xe8 Core/Src/stm32f7xx_hal_msp.o
                0x0000000008000f84                HAL_TIM_MspPostInit
 .text.NMI_Handler
                0x000000000800106c        0x6 Core/Src/stm32f7xx_it.o
                0x000000000800106c                NMI_Handler
 .text.HardFault_Handler
                0x0000000008001072        0x6 Core/Src/stm32f7xx_it.o
                0x0000000008001072                HardFault_Handler
 .text.MemManage_Handler
                0x0000000008001078        0x6 Core/Src/stm32f7xx_it.o
                0x0000000008001078                MemManage_Handler
 .text.BusFault_Handler
                0x000000000800107e        0x6 Core/Src/stm32f7xx_it.o
                0x000000000800107e                BusFault_Handler
 .text.UsageFault_Handler
                0x0000000008001084        0x6 Core/Src/stm32f7xx_it.o
                0x0000000008001084                UsageFault_Handler
 .text.SVC_Handler
                0x000000000800108a        0xe Core/Src/stm32f7xx_it.o
                0x000000000800108a                SVC_Handler
 .text.DebugMon_Handler
                0x0000000008001098        0xe Core/Src/stm32f7xx_it.o
                0x0000000008001098                DebugMon_Handler
 .text.PendSV_Handler
                0x00000000080010a6        0xe Core/Src/stm32f7xx_it.o
                0x00000000080010a6                PendSV_Handler
 .text.SysTick_Handler
                0x00000000080010b4        0xc Core/Src/stm32f7xx_it.o
                0x00000000080010b4                SysTick_Handler
 .text.TIM1_UP_TIM10_IRQHandler
                0x00000000080010c0       0x14 Core/Src/stm32f7xx_it.o
                0x00000000080010c0                TIM1_UP_TIM10_IRQHandler
 .text.TIM6_DAC_IRQHandler
                0x00000000080010d4       0x14 Core/Src/stm32f7xx_it.o
                0x00000000080010d4                TIM6_DAC_IRQHandler
 .text.SystemInit
                0x00000000080010e8       0x2c Core/Src/system_stm32f7xx.o
                0x00000000080010e8                SystemInit
 .text.Reset_Handler
                0x0000000008001114       0x50 Core/Startup/startup_stm32f767zitx.o
                0x0000000008001114                Reset_Handler
 .text.Default_Handler
                0x0000000008001164        0x2 Core/Startup/startup_stm32f767zitx.o
                0x0000000008001164                RTC_Alarm_IRQHandler
                0x0000000008001164                EXTI2_IRQHandler
                0x0000000008001164                TIM8_CC_IRQHandler
                0x0000000008001164                UART8_IRQHandler
                0x0000000008001164                SPI4_IRQHandler
                0x0000000008001164                TIM1_CC_IRQHandler
                0x0000000008001164                DMA2_Stream5_IRQHandler
                0x0000000008001164                JPEG_IRQHandler
                0x0000000008001164                DMA1_Stream5_IRQHandler
                0x0000000008001164                CAN3_RX1_IRQHandler
                0x0000000008001164                PVD_IRQHandler
                0x0000000008001164                TAMP_STAMP_IRQHandler
                0x0000000008001164                CAN2_RX1_IRQHandler
                0x0000000008001164                EXTI3_IRQHandler
                0x0000000008001164                TIM8_TRG_COM_TIM14_IRQHandler
                0x0000000008001164                DFSDM1_FLT1_IRQHandler
                0x0000000008001164                TIM8_UP_TIM13_IRQHandler
                0x0000000008001164                I2C3_ER_IRQHandler
                0x0000000008001164                DFSDM1_FLT2_IRQHandler
                0x0000000008001164                EXTI0_IRQHandler
                0x0000000008001164                I2C2_EV_IRQHandler
                0x0000000008001164                DMA1_Stream2_IRQHandler
                0x0000000008001164                CAN1_RX0_IRQHandler
                0x0000000008001164                FPU_IRQHandler
                0x0000000008001164                OTG_HS_WKUP_IRQHandler
                0x0000000008001164                CAN3_SCE_IRQHandler
                0x0000000008001164                LTDC_ER_IRQHandler
                0x0000000008001164                CAN2_SCE_IRQHandler
                0x0000000008001164                DMA2_Stream2_IRQHandler
                0x0000000008001164                SPI1_IRQHandler
                0x0000000008001164                TIM1_BRK_TIM9_IRQHandler
                0x0000000008001164                DCMI_IRQHandler
                0x0000000008001164                CAN2_RX0_IRQHandler
                0x0000000008001164                DMA2_Stream3_IRQHandler
                0x0000000008001164                SAI2_IRQHandler
                0x0000000008001164                DFSDM1_FLT3_IRQHandler
                0x0000000008001164                USART6_IRQHandler
                0x0000000008001164                CAN3_RX0_IRQHandler
                0x0000000008001164                USART3_IRQHandler
                0x0000000008001164                CAN1_RX1_IRQHandler
                0x0000000008001164                UART5_IRQHandler
                0x0000000008001164                DMA2_Stream0_IRQHandler
                0x0000000008001164                TIM4_IRQHandler
                0x0000000008001164                QUADSPI_IRQHandler
                0x0000000008001164                I2C1_EV_IRQHandler
                0x0000000008001164                DMA1_Stream6_IRQHandler
                0x0000000008001164                DMA1_Stream1_IRQHandler
                0x0000000008001164                UART4_IRQHandler
                0x0000000008001164                TIM3_IRQHandler
                0x0000000008001164                RCC_IRQHandler
                0x0000000008001164                TIM8_BRK_TIM12_IRQHandler
                0x0000000008001164                Default_Handler
                0x0000000008001164                CEC_IRQHandler
                0x0000000008001164                EXTI15_10_IRQHandler
                0x0000000008001164                ADC_IRQHandler
                0x0000000008001164                DMA1_Stream7_IRQHandler
                0x0000000008001164                SPI5_IRQHandler
                0x0000000008001164                TIM7_IRQHandler
                0x0000000008001164                SDMMC1_IRQHandler
                0x0000000008001164                CAN2_TX_IRQHandler
                0x0000000008001164                TIM5_IRQHandler
                0x0000000008001164                DMA2_Stream7_IRQHandler
                0x0000000008001164                I2C3_EV_IRQHandler
                0x0000000008001164                EXTI9_5_IRQHandler
                0x0000000008001164                RTC_WKUP_IRQHandler
                0x0000000008001164                LTDC_IRQHandler
                0x0000000008001164                ETH_WKUP_IRQHandler
                0x0000000008001164                SPDIF_RX_IRQHandler
                0x0000000008001164                SPI2_IRQHandler
                0x0000000008001164                OTG_HS_EP1_IN_IRQHandler
                0x0000000008001164                DMA1_Stream0_IRQHandler
                0x0000000008001164                CAN1_TX_IRQHandler
                0x0000000008001164                EXTI4_IRQHandler
                0x0000000008001164                RNG_IRQHandler
                0x0000000008001164                ETH_IRQHandler
                0x0000000008001164                OTG_HS_EP1_OUT_IRQHandler
                0x0000000008001164                WWDG_IRQHandler
                0x0000000008001164                SPI6_IRQHandler
                0x0000000008001164                MDIOS_IRQHandler
                0x0000000008001164                I2C4_EV_IRQHandler
                0x0000000008001164                CAN3_TX_IRQHandler
                0x0000000008001164                TIM2_IRQHandler
                0x0000000008001164                OTG_FS_WKUP_IRQHandler
                0x0000000008001164                TIM1_TRG_COM_TIM11_IRQHandler
                0x0000000008001164                OTG_HS_IRQHandler
                0x0000000008001164                DMA2D_IRQHandler
                0x0000000008001164                EXTI1_IRQHandler
                0x0000000008001164                SDMMC2_IRQHandler
                0x0000000008001164                UART7_IRQHandler
                0x0000000008001164                USART2_IRQHandler
                0x0000000008001164                DFSDM1_FLT0_IRQHandler
                0x0000000008001164                I2C2_ER_IRQHandler
                0x0000000008001164                DMA2_Stream1_IRQHandler
                0x0000000008001164                CAN1_SCE_IRQHandler
                0x0000000008001164                FLASH_IRQHandler
                0x0000000008001164                DMA2_Stream4_IRQHandler
                0x0000000008001164                USART1_IRQHandler
                0x0000000008001164                OTG_FS_IRQHandler
                0x0000000008001164                SPI3_IRQHandler
                0x0000000008001164                DMA1_Stream4_IRQHandler
                0x0000000008001164                I2C1_ER_IRQHandler
                0x0000000008001164                FMC_IRQHandler
                0x0000000008001164                LPTIM1_IRQHandler
                0x0000000008001164                I2C4_ER_IRQHandler
                0x0000000008001164                DMA2_Stream6_IRQHandler
                0x0000000008001164                SAI1_IRQHandler
                0x0000000008001164                DMA1_Stream3_IRQHandler
 .text.HAL_Init
                0x0000000008001166       0x1a Drivers/STM32F7xx_HAL_Driver/Src/stm32f7xx_hal.o
                0x0000000008001166                HAL_Init
 .text.HAL_InitTick
                0x0000000008001180       0x60 Drivers/STM32F7xx_HAL_Driver/Src/stm32f7xx_hal.o
                0x0000000008001180                HAL_InitTick
 .text.HAL_IncTick
                0x00000000080011e0       0x28 Drivers/STM32F7xx_HAL_Driver/Src/stm32f7xx_hal.o
                0x00000000080011e0                HAL_IncTick
 .text.HAL_GetTick
                0x0000000008001208       0x18 Drivers/STM32F7xx_HAL_Driver/Src/stm32f7xx_hal.o
                0x0000000008001208                HAL_GetTick
 .text.HAL_Delay
                0x0000000008001220       0x44 Drivers/STM32F7xx_HAL_Driver/Src/stm32f7xx_hal.o
                0x0000000008001220                HAL_Delay
 .text.__NVIC_SetPriorityGrouping
                0x0000000008001264       0x48 Drivers/STM32F7xx_HAL_Driver/Src/stm32f7xx_hal_cortex.o
 .text.__NVIC_GetPriorityGrouping
                0x00000000080012ac       0x1c Drivers/STM32F7xx_HAL_Driver/Src/stm32f7xx_hal_cortex.o
 .text.__NVIC_EnableIRQ
                0x00000000080012c8       0x3c Drivers/STM32F7xx_HAL_Driver/Src/stm32f7xx_hal_cortex.o
 .text.__NVIC_SetPriority
                0x0000000008001304       0x54 Drivers/STM32F7xx_HAL_Driver/Src/stm32f7xx_hal_cortex.o
 .text.NVIC_EncodePriority
                0x0000000008001358       0x66 Drivers/STM32F7xx_HAL_Driver/Src/stm32f7xx_hal_cortex.o
 *fill*         0x00000000080013be        0x2 
 .text.SysTick_Config
                0x00000000080013c0       0x44 Drivers/STM32F7xx_HAL_Driver/Src/stm32f7xx_hal_cortex.o
 .text.HAL_NVIC_SetPriorityGrouping
                0x0000000008001404       0x16 Drivers/STM32F7xx_HAL_Driver/Src/stm32f7xx_hal_cortex.o
                0x0000000008001404                HAL_NVIC_SetPriorityGrouping
 .text.HAL_NVIC_SetPriority
                0x000000000800141a       0x38 Drivers/STM32F7xx_HAL_Driver/Src/stm32f7xx_hal_cortex.o
                0x000000000800141a                HAL_NVIC_SetPriority
 .text.HAL_NVIC_EnableIRQ
                0x0000000008001452       0x1c Drivers/STM32F7xx_HAL_Driver/Src/stm32f7xx_hal_cortex.o
                0x0000000008001452                HAL_NVIC_EnableIRQ
 .text.HAL_SYSTICK_Config
                0x000000000800146e       0x18 Drivers/STM32F7xx_HAL_Driver/Src/stm32f7xx_hal_cortex.o
                0x000000000800146e                HAL_SYSTICK_Config
 *fill*         0x0000000008001486        0x2 
 .text.HAL_GPIO_Init
                0x0000000008001488      0x354 Drivers/STM32F7xx_HAL_Driver/Src/stm32f7xx_hal_gpio.o
                0x0000000008001488                HAL_GPIO_Init
 .text.HAL_GPIO_ReadPin
                0x00000000080017dc       0x30 Drivers/STM32F7xx_HAL_Driver/Src/stm32f7xx_hal_gpio.o
                0x00000000080017dc                HAL_GPIO_ReadPin
 .text.HAL_GPIO_WritePin
                0x000000000800180c       0x32 Drivers/STM32F7xx_HAL_Driver/Src/stm32f7xx_hal_gpio.o
                0x000000000800180c                HAL_GPIO_WritePin
 .text.HAL_GPIO_TogglePin
                0x000000000800183e       0x34 Drivers/STM32F7xx_HAL_Driver/Src/stm32f7xx_hal_gpio.o
                0x000000000800183e                HAL_GPIO_TogglePin
 *fill*         0x0000000008001872        0x2 
 .text.HAL_PWR_EnableBkUpAccess
                0x0000000008001874       0x20 Drivers/STM32F7xx_HAL_Driver/Src/stm32f7xx_hal_pwr.o
                0x0000000008001874                HAL_PWR_EnableBkUpAccess
 .text.HAL_PWREx_EnableOverDrive
                0x0000000008001894       0xa0 Drivers/STM32F7xx_HAL_Driver/Src/stm32f7xx_hal_pwr_ex.o
                0x0000000008001894                HAL_PWREx_EnableOverDrive
 .text.HAL_RCC_OscConfig
                0x0000000008001934      0x55c Drivers/STM32F7xx_HAL_Driver/Src/stm32f7xx_hal_rcc.o
                0x0000000008001934                HAL_RCC_OscConfig
 .text.HAL_RCC_ClockConfig
                0x0000000008001e90      0x1d8 Drivers/STM32F7xx_HAL_Driver/Src/stm32f7xx_hal_rcc.o
                0x0000000008001e90                HAL_RCC_ClockConfig
 .text.HAL_RCC_GetSysClockFreq
                0x0000000008002068      0x1b0 Drivers/STM32F7xx_HAL_Driver/Src/stm32f7xx_hal_rcc.o
                0x0000000008002068                HAL_RCC_GetSysClockFreq
 .text.HAL_TIM_Base_Init
                0x0000000008002218       0x56 Drivers/STM32F7xx_HAL_Driver/Src/stm32f7xx_hal_tim.o
                0x0000000008002218                HAL_TIM_Base_Init
 *fill*         0x000000000800226e        0x2 
 .text.HAL_TIM_Base_Start_IT
                0x0000000008002270       0x54 Drivers/STM32F7xx_HAL_Driver/Src/stm32f7xx_hal_tim.o
                0x0000000008002270                HAL_TIM_Base_Start_IT
 .text.HAL_TIM_PWM_Init
                0x00000000080022c4       0x56 Drivers/STM32F7xx_HAL_Driver/Src/stm32f7xx_hal_tim.o
                0x00000000080022c4                HAL_TIM_PWM_Init
 *fill*         0x000000000800231a        0x2 
 .text.HAL_TIM_PWM_Start
                0x000000000800231c       0x88 Drivers/STM32F7xx_HAL_Driver/Src/stm32f7xx_hal_tim.o
                0x000000000800231c                HAL_TIM_PWM_Start
 .text.HAL_TIM_Encoder_Init
                0x00000000080023a4      0x124 Drivers/STM32F7xx_HAL_Driver/Src/stm32f7xx_hal_tim.o
                0x00000000080023a4                HAL_TIM_Encoder_Init
 .text.HAL_TIM_Encoder_Start
                0x00000000080024c8       0x6e Drivers/STM32F7xx_HAL_Driver/Src/stm32f7xx_hal_tim.o
                0x00000000080024c8                HAL_TIM_Encoder_Start
 .text.HAL_TIM_IRQHandler
                0x0000000008002536      0x23e Drivers/STM32F7xx_HAL_Driver/Src/stm32f7xx_hal_tim.o
                0x0000000008002536                HAL_TIM_IRQHandler
 .text.HAL_TIM_PWM_ConfigChannel
                0x0000000008002774      0x230 Drivers/STM32F7xx_HAL_Driver/Src/stm32f7xx_hal_tim.o
                0x0000000008002774                HAL_TIM_PWM_ConfigChannel
 .text.HAL_TIM_ConfigClockSource
                0x00000000080029a4      0x174 Drivers/STM32F7xx_HAL_Driver/Src/stm32f7xx_hal_tim.o
                0x00000000080029a4                HAL_TIM_ConfigClockSource
 .text.HAL_TIM_OC_DelayElapsedCallback
                0x0000000008002b18       0x14 Drivers/STM32F7xx_HAL_Driver/Src/stm32f7xx_hal_tim.o
                0x0000000008002b18                HAL_TIM_OC_DelayElapsedCallback
 .text.HAL_TIM_IC_CaptureCallback
                0x0000000008002b2c       0x14 Drivers/STM32F7xx_HAL_Driver/Src/stm32f7xx_hal_tim.o
                0x0000000008002b2c                HAL_TIM_IC_CaptureCallback
 .text.HAL_TIM_PWM_PulseFinishedCallback
                0x0000000008002b40       0x14 Drivers/STM32F7xx_HAL_Driver/Src/stm32f7xx_hal_tim.o
                0x0000000008002b40                HAL_TIM_PWM_PulseFinishedCallback
 .text.HAL_TIM_TriggerCallback
                0x0000000008002b54       0x14 Drivers/STM32F7xx_HAL_Driver/Src/stm32f7xx_hal_tim.o
                0x0000000008002b54                HAL_TIM_TriggerCallback
 .text.TIM_Base_SetConfig
                0x0000000008002b68      0x140 Drivers/STM32F7xx_HAL_Driver/Src/stm32f7xx_hal_tim.o
                0x0000000008002b68                TIM_Base_SetConfig
 .text.TIM_OC1_SetConfig
                0x0000000008002ca8       0xe4 Drivers/STM32F7xx_HAL_Driver/Src/stm32f7xx_hal_tim.o
 .text.TIM_OC2_SetConfig
                0x0000000008002d8c       0xf0 Drivers/STM32F7xx_HAL_Driver/Src/stm32f7xx_hal_tim.o
                0x0000000008002d8c                TIM_OC2_SetConfig
 .text.TIM_OC3_SetConfig
                0x0000000008002e7c       0xec Drivers/STM32F7xx_HAL_Driver/Src/stm32f7xx_hal_tim.o
 .text.TIM_OC4_SetConfig
                0x0000000008002f68       0xb0 Drivers/STM32F7xx_HAL_Driver/Src/stm32f7xx_hal_tim.o
 .text.TIM_OC5_SetConfig
                0x0000000008003018       0xa4 Drivers/STM32F7xx_HAL_Driver/Src/stm32f7xx_hal_tim.o
 .text.TIM_OC6_SetConfig
                0x00000000080030bc       0xa8 Drivers/STM32F7xx_HAL_Driver/Src/stm32f7xx_hal_tim.o
 .text.TIM_TI1_ConfigInputStage
                0x0000000008003164       0x5e Drivers/STM32F7xx_HAL_Driver/Src/stm32f7xx_hal_tim.o
 .text.TIM_TI2_ConfigInputStage
                0x00000000080031c2       0x60 Drivers/STM32F7xx_HAL_Driver/Src/stm32f7xx_hal_tim.o
 .text.TIM_ITRx_SetConfig
                0x0000000008003222       0x36 Drivers/STM32F7xx_HAL_Driver/Src/stm32f7xx_hal_tim.o
 .text.TIM_ETR_SetConfig
                0x0000000008003258       0x40 Drivers/STM32F7xx_HAL_Driver/Src/stm32f7xx_hal_tim.o
                0x0000000008003258                TIM_ETR_SetConfig
 .text.TIM_CCxChannelCmd
                0x0000000008003298       0x4a Drivers/STM32F7xx_HAL_Driver/Src/stm32f7xx_hal_tim.o
                0x0000000008003298                TIM_CCxChannelCmd
 *fill*         0x00000000080032e2        0x2 
 .text.HAL_TIMEx_MasterConfigSynchronization
                0x00000000080032e4      0x11c Drivers/STM32F7xx_HAL_Driver/Src/stm32f7xx_hal_tim_ex.o
                0x00000000080032e4                HAL_TIMEx_MasterConfigSynchronization
 .text.HAL_TIMEx_CommutCallback
                0x0000000008003400       0x14 Drivers/STM32F7xx_HAL_Driver/Src/stm32f7xx_hal_tim_ex.o
                0x0000000008003400                HAL_TIMEx_CommutCallback
 .text.HAL_TIMEx_BreakCallback
                0x0000000008003414       0x14 Drivers/STM32F7xx_HAL_Driver/Src/stm32f7xx_hal_tim_ex.o
                0x0000000008003414                HAL_TIMEx_BreakCallback
 .text.HAL_TIMEx_Break2Callback
                0x0000000008003428       0x14 Drivers/STM32F7xx_HAL_Driver/Src/stm32f7xx_hal_tim_ex.o
                0x0000000008003428                HAL_TIMEx_Break2Callback
 .text.__libc_init_array
                0x000000000800343c       0x48 d:/programmi/stm32cubeide_1.5.1/stm32cubeide/plugins/com.st.stm32cube.ide.mcu.externaltools.gnu-tools-for-stm32.7-2018-q2-update.win32_1.5.0.202011040924/tools/bin/../lib/gcc/arm-none-eabi/7.3.1/../../../../arm-none-eabi/lib/thumb/v7e-m/fpv5/hard\libc_nano.a(lib_a-init.o)
                0x000000000800343c                __libc_init_array
 .text.memset   0x0000000008003484       0x10 d:/programmi/stm32cubeide_1.5.1/stm32cubeide/plugins/com.st.stm32cube.ide.mcu.externaltools.gnu-tools-for-stm32.7-2018-q2-update.win32_1.5.0.202011040924/tools/bin/../lib/gcc/arm-none-eabi/7.3.1/../../../../arm-none-eabi/lib/thumb/v7e-m/fpv5/hard\libc_nano.a(lib_a-memset.o)
                0x0000000008003484                memset
 *(.glue_7)
 .glue_7        0x0000000008003494        0x0 linker stubs
 *(.glue_7t)
 .glue_7t       0x0000000008003494        0x0 linker stubs
 *(.eh_frame)
 .eh_frame      0x0000000008003494        0x0 d:/programmi/stm32cubeide_1.5.1/stm32cubeide/plugins/com.st.stm32cube.ide.mcu.externaltools.gnu-tools-for-stm32.7-2018-q2-update.win32_1.5.0.202011040924/tools/bin/../lib/gcc/arm-none-eabi/7.3.1/thumb/v7e-m/fpv5/hard/crtbegin.o
 *(.init)
 .init          0x0000000008003494        0x4 d:/programmi/stm32cubeide_1.5.1/stm32cubeide/plugins/com.st.stm32cube.ide.mcu.externaltools.gnu-tools-for-stm32.7-2018-q2-update.win32_1.5.0.202011040924/tools/bin/../lib/gcc/arm-none-eabi/7.3.1/thumb/v7e-m/fpv5/hard/crti.o
                0x0000000008003494                _init
 .init          0x0000000008003498        0x8 d:/programmi/stm32cubeide_1.5.1/stm32cubeide/plugins/com.st.stm32cube.ide.mcu.externaltools.gnu-tools-for-stm32.7-2018-q2-update.win32_1.5.0.202011040924/tools/bin/../lib/gcc/arm-none-eabi/7.3.1/thumb/v7e-m/fpv5/hard/crtn.o
 *(.fini)
 .fini          0x00000000080034a0        0x4 d:/programmi/stm32cubeide_1.5.1/stm32cubeide/plugins/com.st.stm32cube.ide.mcu.externaltools.gnu-tools-for-stm32.7-2018-q2-update.win32_1.5.0.202011040924/tools/bin/../lib/gcc/arm-none-eabi/7.3.1/thumb/v7e-m/fpv5/hard/crti.o
                0x00000000080034a0                _fini
 .fini          0x00000000080034a4        0x8 d:/programmi/stm32cubeide_1.5.1/stm32cubeide/plugins/com.st.stm32cube.ide.mcu.externaltools.gnu-tools-for-stm32.7-2018-q2-update.win32_1.5.0.202011040924/tools/bin/../lib/gcc/arm-none-eabi/7.3.1/thumb/v7e-m/fpv5/hard/crtn.o
                0x00000000080034ac                . = ALIGN (0x4)
                0x00000000080034ac                _etext = .

.vfp11_veneer   0x00000000080034ac        0x0
 .vfp11_veneer  0x00000000080034ac        0x0 linker stubs

.v4_bx          0x00000000080034ac        0x0
 .v4_bx         0x00000000080034ac        0x0 linker stubs

.iplt           0x00000000080034ac        0x0
 .iplt          0x00000000080034ac        0x0 d:/programmi/stm32cubeide_1.5.1/stm32cubeide/plugins/com.st.stm32cube.ide.mcu.externaltools.gnu-tools-for-stm32.7-2018-q2-update.win32_1.5.0.202011040924/tools/bin/../lib/gcc/arm-none-eabi/7.3.1/thumb/v7e-m/fpv5/hard/crtbegin.o

.rodata         0x00000000080034ac       0x10
                0x00000000080034ac                . = ALIGN (0x4)
 *(.rodata)
 *(.rodata*)
 .rodata.AHBPrescTable
                0x00000000080034ac       0x10 Core/Src/system_stm32f7xx.o
                0x00000000080034ac                AHBPrescTable
                0x00000000080034bc                . = ALIGN (0x4)

.ARM.extab      0x00000000080034bc        0x0
                0x00000000080034bc                . = ALIGN (0x4)
 *(.ARM.extab* .gnu.linkonce.armextab.*)
                0x00000000080034bc                . = ALIGN (0x4)

.ARM            0x00000000080034bc        0x8
                0x00000000080034bc                . = ALIGN (0x4)
                0x00000000080034bc                __exidx_start = .
 *(.ARM.exidx*)
 .ARM.exidx     0x00000000080034bc        0x8 d:/programmi/stm32cubeide_1.5.1/stm32cubeide/plugins/com.st.stm32cube.ide.mcu.externaltools.gnu-tools-for-stm32.7-2018-q2-update.win32_1.5.0.202011040924/tools/bin/../lib/gcc/arm-none-eabi/7.3.1/thumb/v7e-m/fpv5/hard\libgcc.a(_udivmoddi4.o)
                0x00000000080034c4                __exidx_end = .
                0x00000000080034c4                . = ALIGN (0x4)

.rel.dyn        0x00000000080034c4        0x0
 .rel.iplt      0x00000000080034c4        0x0 d:/programmi/stm32cubeide_1.5.1/stm32cubeide/plugins/com.st.stm32cube.ide.mcu.externaltools.gnu-tools-for-stm32.7-2018-q2-update.win32_1.5.0.202011040924/tools/bin/../lib/gcc/arm-none-eabi/7.3.1/thumb/v7e-m/fpv5/hard/crtbegin.o

.preinit_array  0x00000000080034c4        0x0
                0x00000000080034c4                . = ALIGN (0x4)
                0x00000000080034c4                PROVIDE (__preinit_array_start = .)
 *(.preinit_array*)
                0x00000000080034c4                PROVIDE (__preinit_array_end = .)
                0x00000000080034c4                . = ALIGN (0x4)

.init_array     0x00000000080034c4        0x4
                0x00000000080034c4                . = ALIGN (0x4)
                0x00000000080034c4                PROVIDE (__init_array_start = .)
 *(SORT_BY_NAME(.init_array.*))
 *(.init_array*)
 .init_array    0x00000000080034c4        0x4 d:/programmi/stm32cubeide_1.5.1/stm32cubeide/plugins/com.st.stm32cube.ide.mcu.externaltools.gnu-tools-for-stm32.7-2018-q2-update.win32_1.5.0.202011040924/tools/bin/../lib/gcc/arm-none-eabi/7.3.1/thumb/v7e-m/fpv5/hard/crtbegin.o
                0x00000000080034c8                PROVIDE (__init_array_end = .)
                0x00000000080034c8                . = ALIGN (0x4)

.fini_array     0x00000000080034c8        0x4
                0x00000000080034c8                . = ALIGN (0x4)
                [!provide]                        PROVIDE (__fini_array_start = .)
 *(SORT_BY_NAME(.fini_array.*))
 *(.fini_array*)
 .fini_array    0x00000000080034c8        0x4 d:/programmi/stm32cubeide_1.5.1/stm32cubeide/plugins/com.st.stm32cube.ide.mcu.externaltools.gnu-tools-for-stm32.7-2018-q2-update.win32_1.5.0.202011040924/tools/bin/../lib/gcc/arm-none-eabi/7.3.1/thumb/v7e-m/fpv5/hard/crtbegin.o
                [!provide]                        PROVIDE (__fini_array_end = .)
                0x00000000080034cc                . = ALIGN (0x4)
                0x00000000080034cc                _sidata = LOADADDR (.data)

.data           0x0000000020000000        0xc load address 0x00000000080034cc
                0x0000000020000000                . = ALIGN (0x4)
                0x0000000020000000                _sdata = .
 *(.data)
 *(.data*)
 .data.SystemCoreClock
                0x0000000020000000        0x4 Core/Src/system_stm32f7xx.o
                0x0000000020000000                SystemCoreClock
 .data.uwTickPrio
                0x0000000020000004        0x4 Drivers/STM32F7xx_HAL_Driver/Src/stm32f7xx_hal.o
                0x0000000020000004                uwTickPrio
 .data.uwTickFreq
                0x0000000020000008        0x1 Drivers/STM32F7xx_HAL_Driver/Src/stm32f7xx_hal.o
                0x0000000020000008                uwTickFreq
 *(.RamFunc)
 *(.RamFunc*)
                0x000000002000000c                . = ALIGN (0x4)
 *fill*         0x0000000020000009        0x3 
                0x000000002000000c                _edata = .

.igot.plt       0x000000002000000c        0x0 load address 0x00000000080034d8
 .igot.plt      0x000000002000000c        0x0 d:/programmi/stm32cubeide_1.5.1/stm32cubeide/plugins/com.st.stm32cube.ide.mcu.externaltools.gnu-tools-for-stm32.7-2018-q2-update.win32_1.5.0.202011040924/tools/bin/../lib/gcc/arm-none-eabi/7.3.1/thumb/v7e-m/fpv5/hard/crtbegin.o
                0x000000002000000c                . = ALIGN (0x4)

.bss            0x000000002000000c      0x140 load address 0x00000000080034d8
                0x000000002000000c                _sbss = .
                0x000000002000000c                __bss_start__ = _sbss
 *(.bss)
 .bss           0x000000002000000c       0x1c d:/programmi/stm32cubeide_1.5.1/stm32cubeide/plugins/com.st.stm32cube.ide.mcu.externaltools.gnu-tools-for-stm32.7-2018-q2-update.win32_1.5.0.202011040924/tools/bin/../lib/gcc/arm-none-eabi/7.3.1/thumb/v7e-m/fpv5/hard/crtbegin.o
 *(.bss*)
 *(COMMON)
 COMMON         0x0000000020000028      0x120 Core/Src/app_main.o
                0x0000000020000028                PWMBlinkIndex
                0x000000002000002c                htim4
                0x000000002000006c                oldDirection
                0x0000000020000070                oldCounterEncoder
                0x0000000020000074                toTrigger
                0x0000000020000078                htim3
                0x00000000200000b8                direction
                0x00000000200000bc                counterEncoder
                0x00000000200000c0                isPWMBlink
                0x00000000200000c4                htim6
                0x0000000020000104                htim1
                0x0000000020000144                isDirectionChanged
                0x0000000020000145                isEncoderChanged
                0x0000000020000146                wasPressed
                0x0000000020000147                isSWPress
 COMMON         0x0000000020000148        0x4 Drivers/STM32F7xx_HAL_Driver/Src/stm32f7xx_hal.o
                0x0000000020000148                uwTick
                0x000000002000014c                . = ALIGN (0x4)
                0x000000002000014c                _ebss = .
                0x000000002000014c                __bss_end__ = _ebss

._user_heap_stack
                0x000000002000014c      0x604 load address 0x00000000080034d8
                0x0000000020000150                . = ALIGN (0x8)
 *fill*         0x000000002000014c        0x4 
                [!provide]                        PROVIDE (end = .)
                0x0000000020000150                PROVIDE (_end = .)
                0x0000000020000350                . = (. + _Min_Heap_Size)
 *fill*         0x0000000020000150      0x200 
                0x0000000020000750                . = (. + _Min_Stack_Size)
 *fill*         0x0000000020000350      0x400 
                0x0000000020000750                . = ALIGN (0x8)

/DISCARD/
 libc.a(*)
 libm.a(*)
 libgcc.a(*)

.ARM.attributes
                0x0000000000000000       0x2e
 *(.ARM.attributes)
 .ARM.attributes
                0x0000000000000000       0x20 d:/programmi/stm32cubeide_1.5.1/stm32cubeide/plugins/com.st.stm32cube.ide.mcu.externaltools.gnu-tools-for-stm32.7-2018-q2-update.win32_1.5.0.202011040924/tools/bin/../lib/gcc/arm-none-eabi/7.3.1/thumb/v7e-m/fpv5/hard/crti.o
 .ARM.attributes
                0x0000000000000020       0x32 d:/programmi/stm32cubeide_1.5.1/stm32cubeide/plugins/com.st.stm32cube.ide.mcu.externaltools.gnu-tools-for-stm32.7-2018-q2-update.win32_1.5.0.202011040924/tools/bin/../lib/gcc/arm-none-eabi/7.3.1/thumb/v7e-m/fpv5/hard/crtbegin.o
 .ARM.attributes
                0x0000000000000052       0x37 Core/Src/app_main.o
 .ARM.attributes
                0x0000000000000089       0x37 Core/Src/main.o
 .ARM.attributes
                0x00000000000000c0       0x37 Core/Src/stm32f7xx_hal_msp.o
 .ARM.attributes
                0x00000000000000f7       0x37 Core/Src/stm32f7xx_it.o
 .ARM.attributes
                0x000000000000012e       0x37 Core/Src/system_stm32f7xx.o
 .ARM.attributes
                0x0000000000000165       0x21 Core/Startup/startup_stm32f767zitx.o
 .ARM.attributes
                0x0000000000000186       0x37 Drivers/STM32F7xx_HAL_Driver/Src/stm32f7xx_hal.o
 .ARM.attributes
                0x00000000000001bd       0x37 Drivers/STM32F7xx_HAL_Driver/Src/stm32f7xx_hal_cortex.o
 .ARM.attributes
                0x00000000000001f4       0x37 Drivers/STM32F7xx_HAL_Driver/Src/stm32f7xx_hal_gpio.o
 .ARM.attributes
                0x000000000000022b       0x37 Drivers/STM32F7xx_HAL_Driver/Src/stm32f7xx_hal_pwr.o
 .ARM.attributes
                0x0000000000000262       0x37 Drivers/STM32F7xx_HAL_Driver/Src/stm32f7xx_hal_pwr_ex.o
 .ARM.attributes
                0x0000000000000299       0x37 Drivers/STM32F7xx_HAL_Driver/Src/stm32f7xx_hal_rcc.o
 .ARM.attributes
                0x00000000000002d0       0x37 Drivers/STM32F7xx_HAL_Driver/Src/stm32f7xx_hal_tim.o
 .ARM.attributes
                0x0000000000000307       0x37 Drivers/STM32F7xx_HAL_Driver/Src/stm32f7xx_hal_tim_ex.o
 .ARM.attributes
                0x000000000000033e       0x32 d:/programmi/stm32cubeide_1.5.1/stm32cubeide/plugins/com.st.stm32cube.ide.mcu.externaltools.gnu-tools-for-stm32.7-2018-q2-update.win32_1.5.0.202011040924/tools/bin/../lib/gcc/arm-none-eabi/7.3.1/../../../../arm-none-eabi/lib/thumb/v7e-m/fpv5/hard\libc_nano.a(lib_a-init.o)
 .ARM.attributes
                0x0000000000000370       0x32 d:/programmi/stm32cubeide_1.5.1/stm32cubeide/plugins/com.st.stm32cube.ide.mcu.externaltools.gnu-tools-for-stm32.7-2018-q2-update.win32_1.5.0.202011040924/tools/bin/../lib/gcc/arm-none-eabi/7.3.1/../../../../arm-none-eabi/lib/thumb/v7e-m/fpv5/hard\libc_nano.a(lib_a-memset.o)
 .ARM.attributes
                0x00000000000003a2       0x20 d:/programmi/stm32cubeide_1.5.1/stm32cubeide/plugins/com.st.stm32cube.ide.mcu.externaltools.gnu-tools-for-stm32.7-2018-q2-update.win32_1.5.0.202011040924/tools/bin/../lib/gcc/arm-none-eabi/7.3.1/thumb/v7e-m/fpv5/hard\libgcc.a(_aeabi_uldivmod.o)
 .ARM.attributes
                0x00000000000003c2       0x32 d:/programmi/stm32cubeide_1.5.1/stm32cubeide/plugins/com.st.stm32cube.ide.mcu.externaltools.gnu-tools-for-stm32.7-2018-q2-update.win32_1.5.0.202011040924/tools/bin/../lib/gcc/arm-none-eabi/7.3.1/thumb/v7e-m/fpv5/hard\libgcc.a(_udivmoddi4.o)
 .ARM.attributes
                0x00000000000003f4       0x20 d:/programmi/stm32cubeide_1.5.1/stm32cubeide/plugins/com.st.stm32cube.ide.mcu.externaltools.gnu-tools-for-stm32.7-2018-q2-update.win32_1.5.0.202011040924/tools/bin/../lib/gcc/arm-none-eabi/7.3.1/thumb/v7e-m/fpv5/hard\libgcc.a(_dvmd_tls.o)
 .ARM.attributes
                0x0000000000000414       0x20 d:/programmi/stm32cubeide_1.5.1/stm32cubeide/plugins/com.st.stm32cube.ide.mcu.externaltools.gnu-tools-for-stm32.7-2018-q2-update.win32_1.5.0.202011040924/tools/bin/../lib/gcc/arm-none-eabi/7.3.1/thumb/v7e-m/fpv5/hard/crtn.o
OUTPUT(TestNucleo-F767ZI_2.elf elf32-littlearm)

.debug_info     0x0000000000000000     0xae3b
 .debug_info    0x0000000000000000      0x9a1 Core/Src/app_main.o
 .debug_info    0x00000000000009a1      0xee9 Core/Src/main.o
 .debug_info    0x000000000000188a      0xe9d Core/Src/stm32f7xx_hal_msp.o
 .debug_info    0x0000000000002727      0x782 Core/Src/stm32f7xx_it.o
 .debug_info    0x0000000000002ea9      0x73d Core/Src/system_stm32f7xx.o
 .debug_info    0x00000000000035e6       0x22 Core/Startup/startup_stm32f767zitx.o
 .debug_info    0x0000000000003608      0xa46 Drivers/STM32F7xx_HAL_Driver/Src/stm32f7xx_hal.o
 .debug_info    0x000000000000404e     0x108c Drivers/STM32F7xx_HAL_Driver/Src/stm32f7xx_hal_cortex.o
 .debug_info    0x00000000000050da      0x7e9 Drivers/STM32F7xx_HAL_Driver/Src/stm32f7xx_hal_gpio.o
 .debug_info    0x00000000000058c3      0x9b4 Drivers/STM32F7xx_HAL_Driver/Src/stm32f7xx_hal_pwr.o
 .debug_info    0x0000000000006277      0x96b Drivers/STM32F7xx_HAL_Driver/Src/stm32f7xx_hal_pwr_ex.o
 .debug_info    0x0000000000006be2      0x996 Drivers/STM32F7xx_HAL_Driver/Src/stm32f7xx_hal_rcc.o
 .debug_info    0x0000000000007578     0x25bc Drivers/STM32F7xx_HAL_Driver/Src/stm32f7xx_hal_tim.o
 .debug_info    0x0000000000009b34     0x1307 Drivers/STM32F7xx_HAL_Driver/Src/stm32f7xx_hal_tim_ex.o

.debug_abbrev   0x0000000000000000     0x1973
 .debug_abbrev  0x0000000000000000      0x1d5 Core/Src/app_main.o
 .debug_abbrev  0x00000000000001d5      0x218 Core/Src/main.o
 .debug_abbrev  0x00000000000003ed      0x214 Core/Src/stm32f7xx_hal_msp.o
 .debug_abbrev  0x0000000000000601      0x16b Core/Src/stm32f7xx_it.o
 .debug_abbrev  0x000000000000076c      0x147 Core/Src/system_stm32f7xx.o
 .debug_abbrev  0x00000000000008b3       0x12 Core/Startup/startup_stm32f767zitx.o
 .debug_abbrev  0x00000000000008c5      0x1c7 Drivers/STM32F7xx_HAL_Driver/Src/stm32f7xx_hal.o
 .debug_abbrev  0x0000000000000a8c      0x2fa Drivers/STM32F7xx_HAL_Driver/Src/stm32f7xx_hal_cortex.o
 .debug_abbrev  0x0000000000000d86      0x1c9 Drivers/STM32F7xx_HAL_Driver/Src/stm32f7xx_hal_gpio.o
 .debug_abbrev  0x0000000000000f4f      0x1b6 Drivers/STM32F7xx_HAL_Driver/Src/stm32f7xx_hal_pwr.o
 .debug_abbrev  0x0000000000001105      0x1b8 Drivers/STM32F7xx_HAL_Driver/Src/stm32f7xx_hal_pwr_ex.o
 .debug_abbrev  0x00000000000012bd      0x268 Drivers/STM32F7xx_HAL_Driver/Src/stm32f7xx_hal_rcc.o
 .debug_abbrev  0x0000000000001525      0x230 Drivers/STM32F7xx_HAL_Driver/Src/stm32f7xx_hal_tim.o
 .debug_abbrev  0x0000000000001755      0x21e Drivers/STM32F7xx_HAL_Driver/Src/stm32f7xx_hal_tim_ex.o

.debug_aranges  0x0000000000000000      0xaf8
 .debug_aranges
                0x0000000000000000       0x40 Core/Src/app_main.o
 .debug_aranges
                0x0000000000000040       0x58 Core/Src/main.o
 .debug_aranges
                0x0000000000000098       0x58 Core/Src/stm32f7xx_hal_msp.o
 .debug_aranges
                0x00000000000000f0       0x70 Core/Src/stm32f7xx_it.o
 .debug_aranges
                0x0000000000000160       0x28 Core/Src/system_stm32f7xx.o
 .debug_aranges
                0x0000000000000188       0x28 Core/Startup/startup_stm32f767zitx.o
 .debug_aranges
                0x00000000000001b0      0x110 Drivers/STM32F7xx_HAL_Driver/Src/stm32f7xx_hal.o
 .debug_aranges
                0x00000000000002c0      0x118 Drivers/STM32F7xx_HAL_Driver/Src/stm32f7xx_hal_cortex.o
 .debug_aranges
                0x00000000000003d8       0x58 Drivers/STM32F7xx_HAL_Driver/Src/stm32f7xx_hal_gpio.o
 .debug_aranges
                0x0000000000000430       0xa0 Drivers/STM32F7xx_HAL_Driver/Src/stm32f7xx_hal_pwr.o
 .debug_aranges
                0x00000000000004d0       0x80 Drivers/STM32F7xx_HAL_Driver/Src/stm32f7xx_hal_pwr_ex.o
 .debug_aranges
                0x0000000000000550       0x88 Drivers/STM32F7xx_HAL_Driver/Src/stm32f7xx_hal_rcc.o
 .debug_aranges
                0x00000000000005d8      0x3b8 Drivers/STM32F7xx_HAL_Driver/Src/stm32f7xx_hal_tim.o
 .debug_aranges
                0x0000000000000990      0x168 Drivers/STM32F7xx_HAL_Driver/Src/stm32f7xx_hal_tim_ex.o

.debug_ranges   0x0000000000000000      0xa20
 .debug_ranges  0x0000000000000000       0x30 Core/Src/app_main.o
 .debug_ranges  0x0000000000000030       0x48 Core/Src/main.o
 .debug_ranges  0x0000000000000078       0x48 Core/Src/stm32f7xx_hal_msp.o
 .debug_ranges  0x00000000000000c0       0x60 Core/Src/stm32f7xx_it.o
 .debug_ranges  0x0000000000000120       0x18 Core/Src/system_stm32f7xx.o
 .debug_ranges  0x0000000000000138       0x20 Core/Startup/startup_stm32f767zitx.o
 .debug_ranges  0x0000000000000158      0x100 Drivers/STM32F7xx_HAL_Driver/Src/stm32f7xx_hal.o
 .debug_ranges  0x0000000000000258      0x108 Drivers/STM32F7xx_HAL_Driver/Src/stm32f7xx_hal_cortex.o
 .debug_ranges  0x0000000000000360       0x48 Drivers/STM32F7xx_HAL_Driver/Src/stm32f7xx_hal_gpio.o
 .debug_ranges  0x00000000000003a8       0x90 Drivers/STM32F7xx_HAL_Driver/Src/stm32f7xx_hal_pwr.o
 .debug_ranges  0x0000000000000438       0x70 Drivers/STM32F7xx_HAL_Driver/Src/stm32f7xx_hal_pwr_ex.o
 .debug_ranges  0x00000000000004a8       0x78 Drivers/STM32F7xx_HAL_Driver/Src/stm32f7xx_hal_rcc.o
 .debug_ranges  0x0000000000000520      0x3a8 Drivers/STM32F7xx_HAL_Driver/Src/stm32f7xx_hal_tim.o
 .debug_ranges  0x00000000000008c8      0x158 Drivers/STM32F7xx_HAL_Driver/Src/stm32f7xx_hal_tim_ex.o

.debug_macro    0x0000000000000000    0x26706
 .debug_macro   0x0000000000000000      0x1f7 Core/Src/app_main.o
 .debug_macro   0x00000000000001f7      0xa66 Core/Src/app_main.o
 .debug_macro   0x0000000000000c5d      0x28d Core/Src/app_main.o
 .debug_macro   0x0000000000000eea       0x2e Core/Src/app_main.o
 .debug_macro   0x0000000000000f18       0x3b Core/Src/app_main.o
 .debug_macro   0x0000000000000f53       0x22 Core/Src/app_main.o
 .debug_macro   0x0000000000000f75       0x8e Core/Src/app_main.o
 .debug_macro   0x0000000000001003       0x51 Core/Src/app_main.o
 .debug_macro   0x0000000000001054       0xef Core/Src/app_main.o
 .debug_macro   0x0000000000001143       0x6a Core/Src/app_main.o
 .debug_macro   0x00000000000011ad      0x1df Core/Src/app_main.o
 .debug_macro   0x000000000000138c       0x1c Core/Src/app_main.o
 .debug_macro   0x00000000000013a8       0x22 Core/Src/app_main.o
 .debug_macro   0x00000000000013ca       0xdf Core/Src/app_main.o
 .debug_macro   0x00000000000014a9     0x12cd Core/Src/app_main.o
 .debug_macro   0x0000000000002776      0x11f Core/Src/app_main.o
 .debug_macro   0x0000000000002895       0x19 Core/Src/app_main.o
 .debug_macro   0x00000000000028ae    0x1a9b4 Core/Src/app_main.o
 .debug_macro   0x000000000001d262       0x43 Core/Src/app_main.o
 .debug_macro   0x000000000001d2a5     0x36b4 Core/Src/app_main.o
 .debug_macro   0x0000000000020959      0x174 Core/Src/app_main.o
 .debug_macro   0x0000000000020acd       0x61 Core/Src/app_main.o
 .debug_macro   0x0000000000020b2e     0x1add Core/Src/app_main.o
 .debug_macro   0x000000000002260b      0x6c4 Core/Src/app_main.o
 .debug_macro   0x0000000000022ccf      0x18b Core/Src/app_main.o
 .debug_macro   0x0000000000022e5a      0x117 Core/Src/app_main.o
 .debug_macro   0x0000000000022f71      0x26f Core/Src/app_main.o
 .debug_macro   0x00000000000231e0       0x27 Core/Src/app_main.o
 .debug_macro   0x0000000000023207      0x24f Core/Src/app_main.o
 .debug_macro   0x0000000000023456       0x71 Core/Src/app_main.o
 .debug_macro   0x00000000000234c7       0x58 Core/Src/app_main.o
 .debug_macro   0x000000000002351f      0x236 Core/Src/app_main.o
 .debug_macro   0x0000000000023755      0x14f Core/Src/app_main.o
 .debug_macro   0x00000000000238a4      0x3dc Core/Src/app_main.o
 .debug_macro   0x0000000000023c80       0x12 Core/Src/app_main.o
 .debug_macro   0x0000000000023c92      0x22c Core/Src/app_main.o
 .debug_macro   0x0000000000023ebe       0x61 Core/Src/app_main.o
 .debug_macro   0x0000000000023f1f       0xa5 Core/Src/app_main.o
 .debug_macro   0x0000000000023fc4      0x12f Core/Src/app_main.o
 .debug_macro   0x00000000000240f3      0x108 Core/Src/app_main.o
 .debug_macro   0x00000000000241fb       0x35 Core/Src/app_main.o
 .debug_macro   0x0000000000024230      0xa3d Core/Src/app_main.o
 .debug_macro   0x0000000000024c6d       0xa9 Core/Src/app_main.o
 .debug_macro   0x0000000000024d16      0x15c Core/Src/app_main.o
 .debug_macro   0x0000000000024e72       0xe2 Core/Src/app_main.o
 .debug_macro   0x0000000000024f54       0x22 Core/Src/app_main.o
 .debug_macro   0x0000000000024f76      0x1ec Core/Src/main.o
 .debug_macro   0x0000000000025162       0xdc Core/Src/main.o
 .debug_macro   0x000000000002523e      0x1de Core/Src/stm32f7xx_hal_msp.o
 .debug_macro   0x000000000002541c      0x1e8 Core/Src/stm32f7xx_it.o
 .debug_macro   0x0000000000025604      0x1d5 Core/Src/system_stm32f7xx.o
 .debug_macro   0x00000000000257d9      0x1f3 Drivers/STM32F7xx_HAL_Driver/Src/stm32f7xx_hal.o
 .debug_macro   0x00000000000259cc      0x1cf Drivers/STM32F7xx_HAL_Driver/Src/stm32f7xx_hal_cortex.o
 .debug_macro   0x0000000000025b9b      0x205 Drivers/STM32F7xx_HAL_Driver/Src/stm32f7xx_hal_gpio.o
 .debug_macro   0x0000000000025da0      0x1ed Drivers/STM32F7xx_HAL_Driver/Src/stm32f7xx_hal_pwr.o
 .debug_macro   0x0000000000025f8d      0x1e7 Drivers/STM32F7xx_HAL_Driver/Src/stm32f7xx_hal_pwr_ex.o
 .debug_macro   0x0000000000026174      0x1f3 Drivers/STM32F7xx_HAL_Driver/Src/stm32f7xx_hal_rcc.o
 .debug_macro   0x0000000000026367      0x1d0 Drivers/STM32F7xx_HAL_Driver/Src/stm32f7xx_hal_tim.o
 .debug_macro   0x0000000000026537      0x1cf Drivers/STM32F7xx_HAL_Driver/Src/stm32f7xx_hal_tim_ex.o

.debug_line     0x0000000000000000     0x840e
 .debug_line    0x0000000000000000      0x79a Core/Src/app_main.o
 .debug_line    0x000000000000079a      0x7fe Core/Src/main.o
 .debug_line    0x0000000000000f98      0x78c Core/Src/stm32f7xx_hal_msp.o
 .debug_line    0x0000000000001724      0x7a1 Core/Src/stm32f7xx_it.o
 .debug_line    0x0000000000001ec5      0x6ee Core/Src/system_stm32f7xx.o
 .debug_line    0x00000000000025b3       0x85 Core/Startup/startup_stm32f767zitx.o
 .debug_line    0x0000000000002638      0x921 Drivers/STM32F7xx_HAL_Driver/Src/stm32f7xx_hal.o
 .debug_line    0x0000000000002f59      0x9fe Drivers/STM32F7xx_HAL_Driver/Src/stm32f7xx_hal_cortex.o
 .debug_line    0x0000000000003957      0x8e2 Drivers/STM32F7xx_HAL_Driver/Src/stm32f7xx_hal_gpio.o
 .debug_line    0x0000000000004239      0x842 Drivers/STM32F7xx_HAL_Driver/Src/stm32f7xx_hal_pwr.o
 .debug_line    0x0000000000004a7b      0x81e Drivers/STM32F7xx_HAL_Driver/Src/stm32f7xx_hal_pwr_ex.o
 .debug_line    0x0000000000005299      0x987 Drivers/STM32F7xx_HAL_Driver/Src/stm32f7xx_hal_rcc.o
 .debug_line    0x0000000000005c20     0x1a1a Drivers/STM32F7xx_HAL_Driver/Src/stm32f7xx_hal_tim.o
 .debug_line    0x000000000000763a      0xdd4 Drivers/STM32F7xx_HAL_Driver/Src/stm32f7xx_hal_tim_ex.o

.debug_str      0x0000000000000000    0xf09c6
 .debug_str     0x0000000000000000    0xed98c Core/Src/app_main.o
                                      0xee0f1 (size before relaxing)
 .debug_str     0x00000000000ed98c      0x45c Core/Src/main.o
                                      0xee3af (size before relaxing)
 .debug_str     0x00000000000edde8      0x712 Core/Src/stm32f7xx_hal_msp.o
                                      0xee728 (size before relaxing)
 .debug_str     0x00000000000ee4fa       0xea Core/Src/stm32f7xx_it.o
                                      0xedf4a (size before relaxing)
 .debug_str     0x00000000000ee5e4      0x18d Core/Src/system_stm32f7xx.o
                                      0xed947 (size before relaxing)
 .debug_str     0x00000000000ee771       0x36 Core/Startup/startup_stm32f767zitx.o
                                         0x86 (size before relaxing)
 .debug_str     0x00000000000ee7a7      0x3c7 Drivers/STM32F7xx_HAL_Driver/Src/stm32f7xx_hal.o
                                      0xee2d0 (size before relaxing)
 .debug_str     0x00000000000eeb6e      0x394 Drivers/STM32F7xx_HAL_Driver/Src/stm32f7xx_hal_cortex.o
                                      0xee33c (size before relaxing)
 .debug_str     0x00000000000eef02      0x249 Drivers/STM32F7xx_HAL_Driver/Src/stm32f7xx_hal_gpio.o
                                      0xedb1d (size before relaxing)
 .debug_str     0x00000000000ef14b      0x2c5 Drivers/STM32F7xx_HAL_Driver/Src/stm32f7xx_hal_pwr.o
                                      0xedbff (size before relaxing)
 .debug_str     0x00000000000ef410      0x1bd Drivers/STM32F7xx_HAL_Driver/Src/stm32f7xx_hal_pwr_ex.o
                                      0xedbc1 (size before relaxing)
 .debug_str     0x00000000000ef5cd      0x286 Drivers/STM32F7xx_HAL_Driver/Src/stm32f7xx_hal_rcc.o
                                      0xedc7b (size before relaxing)
 .debug_str     0x00000000000ef853      0xbd1 Drivers/STM32F7xx_HAL_Driver/Src/stm32f7xx_hal_tim.o
                                      0xee9d3 (size before relaxing)
 .debug_str     0x00000000000f0424      0x5a2 Drivers/STM32F7xx_HAL_Driver/Src/stm32f7xx_hal_tim_ex.o
                                      0xee2e6 (size before relaxing)

.comment        0x0000000000000000       0x7b
 .comment       0x0000000000000000       0x7b Core/Src/app_main.o
                                         0x7c (size before relaxing)
 .comment       0x000000000000007b       0x7c Core/Src/main.o
 .comment       0x000000000000007b       0x7c Core/Src/stm32f7xx_hal_msp.o
 .comment       0x000000000000007b       0x7c Core/Src/stm32f7xx_it.o
 .comment       0x000000000000007b       0x7c Core/Src/system_stm32f7xx.o
 .comment       0x000000000000007b       0x7c Drivers/STM32F7xx_HAL_Driver/Src/stm32f7xx_hal.o
 .comment       0x000000000000007b       0x7c Drivers/STM32F7xx_HAL_Driver/Src/stm32f7xx_hal_cortex.o
 .comment       0x000000000000007b       0x7c Drivers/STM32F7xx_HAL_Driver/Src/stm32f7xx_hal_gpio.o
 .comment       0x000000000000007b       0x7c Drivers/STM32F7xx_HAL_Driver/Src/stm32f7xx_hal_pwr.o
 .comment       0x000000000000007b       0x7c Drivers/STM32F7xx_HAL_Driver/Src/stm32f7xx_hal_pwr_ex.o
 .comment       0x000000000000007b       0x7c Drivers/STM32F7xx_HAL_Driver/Src/stm32f7xx_hal_rcc.o
 .comment       0x000000000000007b       0x7c Drivers/STM32F7xx_HAL_Driver/Src/stm32f7xx_hal_tim.o
 .comment       0x000000000000007b       0x7c Drivers/STM32F7xx_HAL_Driver/Src/stm32f7xx_hal_tim_ex.o

.debug_frame    0x0000000000000000     0x2cbc
 .debug_frame   0x0000000000000000       0xc0 Core/Src/app_main.o
 .debug_frame   0x00000000000000c0      0x11c Core/Src/main.o
 .debug_frame   0x00000000000001dc      0x13c Core/Src/stm32f7xx_hal_msp.o
 .debug_frame   0x0000000000000318      0x13c Core/Src/stm32f7xx_it.o
 .debug_frame   0x0000000000000454       0x58 Core/Src/system_stm32f7xx.o
 .debug_frame   0x00000000000004ac      0x3f4 Drivers/STM32F7xx_HAL_Driver/Src/stm32f7xx_hal.o
 .debug_frame   0x00000000000008a0      0x498 Drivers/STM32F7xx_HAL_Driver/Src/stm32f7xx_hal_cortex.o
 .debug_frame   0x0000000000000d38      0x14c Drivers/STM32F7xx_HAL_Driver/Src/stm32f7xx_hal_gpio.o
 .debug_frame   0x0000000000000e84      0x254 Drivers/STM32F7xx_HAL_Driver/Src/stm32f7xx_hal_pwr.o
 .debug_frame   0x00000000000010d8      0x1c8 Drivers/STM32F7xx_HAL_Driver/Src/stm32f7xx_hal_pwr_ex.o
 .debug_frame   0x00000000000012a0      0x1f4 Drivers/STM32F7xx_HAL_Driver/Src/stm32f7xx_hal_rcc.o
 .debug_frame   0x0000000000001494     0x1144 Drivers/STM32F7xx_HAL_Driver/Src/stm32f7xx_hal_tim.o
 .debug_frame   0x00000000000025d8      0x638 Drivers/STM32F7xx_HAL_Driver/Src/stm32f7xx_hal_tim_ex.o
 .debug_frame   0x0000000000002c10       0x2c d:/programmi/stm32cubeide_1.5.1/stm32cubeide/plugins/com.st.stm32cube.ide.mcu.externaltools.gnu-tools-for-stm32.7-2018-q2-update.win32_1.5.0.202011040924/tools/bin/../lib/gcc/arm-none-eabi/7.3.1/../../../../arm-none-eabi/lib/thumb/v7e-m/fpv5/hard\libc_nano.a(lib_a-init.o)
 .debug_frame   0x0000000000002c3c       0x20 d:/programmi/stm32cubeide_1.5.1/stm32cubeide/plugins/com.st.stm32cube.ide.mcu.externaltools.gnu-tools-for-stm32.7-2018-q2-update.win32_1.5.0.202011040924/tools/bin/../lib/gcc/arm-none-eabi/7.3.1/../../../../arm-none-eabi/lib/thumb/v7e-m/fpv5/hard\libc_nano.a(lib_a-memset.o)
 .debug_frame   0x0000000000002c5c       0x2c d:/programmi/stm32cubeide_1.5.1/stm32cubeide/plugins/com.st.stm32cube.ide.mcu.externaltools.gnu-tools-for-stm32.7-2018-q2-update.win32_1.5.0.202011040924/tools/bin/../lib/gcc/arm-none-eabi/7.3.1/thumb/v7e-m/fpv5/hard\libgcc.a(_aeabi_uldivmod.o)
 .debug_frame   0x0000000000002c88       0x34 d:/programmi/stm32cubeide_1.5.1/stm32cubeide/plugins/com.st.stm32cube.ide.mcu.externaltools.gnu-tools-for-stm32.7-2018-q2-update.win32_1.5.0.202011040924/tools/bin/../lib/gcc/arm-none-eabi/7.3.1/thumb/v7e-m/fpv5/hard\libgcc.a(_udivmoddi4.o)
