Archive member included to satisfy reference by file (symbol)

d:/programmi/stm32cubeide_1.5.1/stm32cubeide/plugins/com.st.stm32cube.ide.mcu.externaltools.gnu-tools-for-stm32.7-2018-q2-update.win32_1.5.0.202011040924/tools/bin/../lib/gcc/arm-none-eabi/7.3.1/../../../../arm-none-eabi/lib/thumb/v7e-m/fpv5/hard\libc_nano.a(lib_a-errno.o)
                              Core/Src/syscalls.o (__errno)
d:/programmi/stm32cubeide_1.5.1/stm32cubeide/plugins/com.st.stm32cube.ide.mcu.externaltools.gnu-tools-for-stm32.7-2018-q2-update.win32_1.5.0.202011040924/tools/bin/../lib/gcc/arm-none-eabi/7.3.1/../../../../arm-none-eabi/lib/thumb/v7e-m/fpv5/hard\libc_nano.a(lib_a-exit.o)
                              d:/programmi/stm32cubeide_1.5.1/stm32cubeide/plugins/com.st.stm32cube.ide.mcu.externaltools.gnu-tools-for-stm32.7-2018-q2-update.win32_1.5.0.202011040924/tools/bin/../lib/gcc/arm-none-eabi/7.3.1/../../../../arm-none-eabi/lib/thumb/v7e-m/fpv5/hard/crt0.o (exit)
d:/programmi/stm32cubeide_1.5.1/stm32cubeide/plugins/com.st.stm32cube.ide.mcu.externaltools.gnu-tools-for-stm32.7-2018-q2-update.win32_1.5.0.202011040924/tools/bin/../lib/gcc/arm-none-eabi/7.3.1/../../../../arm-none-eabi/lib/thumb/v7e-m/fpv5/hard\libc_nano.a(lib_a-impure.o)
                              d:/programmi/stm32cubeide_1.5.1/stm32cubeide/plugins/com.st.stm32cube.ide.mcu.externaltools.gnu-tools-for-stm32.7-2018-q2-update.win32_1.5.0.202011040924/tools/bin/../lib/gcc/arm-none-eabi/7.3.1/../../../../arm-none-eabi/lib/thumb/v7e-m/fpv5/hard\libc_nano.a(lib_a-exit.o) (_global_impure_ptr)
d:/programmi/stm32cubeide_1.5.1/stm32cubeide/plugins/com.st.stm32cube.ide.mcu.externaltools.gnu-tools-for-stm32.7-2018-q2-update.win32_1.5.0.202011040924/tools/bin/../lib/gcc/arm-none-eabi/7.3.1/../../../../arm-none-eabi/lib/thumb/v7e-m/fpv5/hard\libc_nano.a(lib_a-init.o)
                              d:/programmi/stm32cubeide_1.5.1/stm32cubeide/plugins/com.st.stm32cube.ide.mcu.externaltools.gnu-tools-for-stm32.7-2018-q2-update.win32_1.5.0.202011040924/tools/bin/../lib/gcc/arm-none-eabi/7.3.1/../../../../arm-none-eabi/lib/thumb/v7e-m/fpv5/hard/crt0.o (__libc_init_array)
d:/programmi/stm32cubeide_1.5.1/stm32cubeide/plugins/com.st.stm32cube.ide.mcu.externaltools.gnu-tools-for-stm32.7-2018-q2-update.win32_1.5.0.202011040924/tools/bin/../lib/gcc/arm-none-eabi/7.3.1/../../../../arm-none-eabi/lib/thumb/v7e-m/fpv5/hard\libc_nano.a(lib_a-memset.o)
                              d:/programmi/stm32cubeide_1.5.1/stm32cubeide/plugins/com.st.stm32cube.ide.mcu.externaltools.gnu-tools-for-stm32.7-2018-q2-update.win32_1.5.0.202011040924/tools/bin/../lib/gcc/arm-none-eabi/7.3.1/../../../../arm-none-eabi/lib/thumb/v7e-m/fpv5/hard/crt0.o (memset)
d:/programmi/stm32cubeide_1.5.1/stm32cubeide/plugins/com.st.stm32cube.ide.mcu.externaltools.gnu-tools-for-stm32.7-2018-q2-update.win32_1.5.0.202011040924/tools/bin/../lib/gcc/arm-none-eabi/7.3.1/thumb/v7e-m/fpv5/hard\libgcc.a(_aeabi_uldivmod.o)
                              Drivers/STM32F7xx_HAL_Driver/Src/stm32f7xx_hal_rcc.o (__aeabi_uldivmod)
d:/programmi/stm32cubeide_1.5.1/stm32cubeide/plugins/com.st.stm32cube.ide.mcu.externaltools.gnu-tools-for-stm32.7-2018-q2-update.win32_1.5.0.202011040924/tools/bin/../lib/gcc/arm-none-eabi/7.3.1/thumb/v7e-m/fpv5/hard\libgcc.a(_udivmoddi4.o)
                              d:/programmi/stm32cubeide_1.5.1/stm32cubeide/plugins/com.st.stm32cube.ide.mcu.externaltools.gnu-tools-for-stm32.7-2018-q2-update.win32_1.5.0.202011040924/tools/bin/../lib/gcc/arm-none-eabi/7.3.1/thumb/v7e-m/fpv5/hard\libgcc.a(_aeabi_uldivmod.o) (__udivmoddi4)
d:/programmi/stm32cubeide_1.5.1/stm32cubeide/plugins/com.st.stm32cube.ide.mcu.externaltools.gnu-tools-for-stm32.7-2018-q2-update.win32_1.5.0.202011040924/tools/bin/../lib/gcc/arm-none-eabi/7.3.1/thumb/v7e-m/fpv5/hard\libgcc.a(_dvmd_tls.o)
                              d:/programmi/stm32cubeide_1.5.1/stm32cubeide/plugins/com.st.stm32cube.ide.mcu.externaltools.gnu-tools-for-stm32.7-2018-q2-update.win32_1.5.0.202011040924/tools/bin/../lib/gcc/arm-none-eabi/7.3.1/thumb/v7e-m/fpv5/hard\libgcc.a(_aeabi_uldivmod.o) (__aeabi_ldiv0)

Allocating common symbols
Common symbol       size              file

PWMBlinkIndex       0x1               Core/Src/app_main.o
count2              0x4               Core/Src/app_main.o
htim4               0x40              Core/Src/app_main.o
isUp2               0x1               Core/Src/app_main.o
oldDirection        0x1               Core/Src/app_main.o
oldCounterEncoder   0x4               Core/Src/app_main.o
count4              0x4               Core/Src/app_main.o
uwTick              0x4               Drivers/STM32F7xx_HAL_Driver/Src/stm32f7xx_hal.o
pFlash              0x1c              Drivers/STM32F7xx_HAL_Driver/Src/stm32f7xx_hal_flash.o
toTrigger           0x4               Core/Src/app_main.o
htim3               0x40              Core/Src/app_main.o
direction           0x1               Core/Src/app_main.o
[...]
Memory Configuration

Name             Origin             Length             Attributes
RAM              0x0000000020000000 0x0000000000080000 xrw
FLASH            0x0000000008000000 0x0000000000200000 xr
*default*        0x0000000000000000 0xffffffffffffffff

Linker script and memory map

LOAD d:/programmi/stm32cubeide_1.5.1/stm32cubeide/plugins/com.st.stm32cube.ide.mcu.externaltools.gnu-tools-for-stm32.7-2018-q2-update.win32_1.5.0.202011040924/tools/bin/../lib/gcc/arm-none-eabi/7.3.1/thumb/v7e-m/fpv5/hard/crti.o
LOAD d:/programmi/stm32cubeide_1.5.1/stm32cubeide/plugins/com.st.stm32cube.ide.mcu.externaltools.gnu-tools-for-stm32.7-2018-q2-update.win32_1.5.0.202011040924/tools/bin/../lib/gcc/arm-none-eabi/7.3.1/thumb/v7e-m/fpv5/hard/crtbegin.o
LOAD d:/programmi/stm32cubeide_1.5.1/stm32cubeide/plugins/com.st.stm32cube.ide.mcu.externaltools.gnu-tools-for-stm32.7-2018-q2-update.win32_1.5.0.202011040924/tools/bin/../lib/gcc/arm-none-eabi/7.3.1/../../../../arm-none-eabi/lib/thumb/v7e-m/fpv5/hard/crt0.o
LOAD Core/Src/app_main.o
LOAD Core/Src/main.o
LOAD Core/Src/stm32f7xx_hal_msp.o
LOAD Core/Src/stm32f7xx_it.o
LOAD Core/Src/syscalls.o
LOAD Core/Src/sysmem.o
LOAD Core/Src/system_stm32f7xx.o
LOAD Core/Startup/startup_stm32f767zitx.o
LOAD Drivers/STM32F7xx_HAL_Driver/Src/stm32f7xx_hal.o
LOAD Drivers/STM32F7xx_HAL_Driver/Src/stm32f7xx_hal_cortex.o
LOAD Drivers/STM32F7xx_HAL_Driver/Src/stm32f7xx_hal_dma.o
LOAD Drivers/STM32F7xx_HAL_Driver/Src/stm32f7xx_hal_dma_ex.o
LOAD Drivers/STM32F7xx_HAL_Driver/Src/stm32f7xx_hal_exti.o
LOAD Drivers/STM32F7xx_HAL_Driver/Src/stm32f7xx_hal_flash.o
LOAD Drivers/STM32F7xx_HAL_Driver/Src/stm32f7xx_hal_flash_ex.o
LOAD Drivers/STM32F7xx_HAL_Driver/Src/stm32f7xx_hal_gpio.o
LOAD Drivers/STM32F7xx_HAL_Driver/Src/stm32f7xx_hal_i2c.o
LOAD Drivers/STM32F7xx_HAL_Driver/Src/stm32f7xx_hal_i2c_ex.o
LOAD Drivers/STM32F7xx_HAL_Driver/Src/stm32f7xx_hal_pwr.o
LOAD Drivers/STM32F7xx_HAL_Driver/Src/stm32f7xx_hal_pwr_ex.o
LOAD Drivers/STM32F7xx_HAL_Driver/Src/stm32f7xx_hal_rcc.o
LOAD Drivers/STM32F7xx_HAL_Driver/Src/stm32f7xx_hal_rcc_ex.o
LOAD Drivers/STM32F7xx_HAL_Driver/Src/stm32f7xx_hal_tim.o
LOAD Drivers/STM32F7xx_HAL_Driver/Src/stm32f7xx_hal_tim_ex.o
START GROUP
LOAD d:/programmi/stm32cubeide_1.5.1/stm32cubeide/plugins/com.st.stm32cube.ide.mcu.externaltools.gnu-tools-for-stm32.7-2018-q2-update.win32_1.5.0.202011040924/tools/bin/../lib/gcc/arm-none-eabi/7.3.1/../../../../arm-none-eabi/lib/thumb/v7e-m/fpv5/hard\libc_nano.a
LOAD d:/programmi/stm32cubeide_1.5.1/stm32cubeide/plugins/com.st.stm32cube.ide.mcu.externaltools.gnu-tools-for-stm32.7-2018-q2-update.win32_1.5.0.202011040924/tools/bin/../lib/gcc/arm-none-eabi/7.3.1/../../../../arm-none-eabi/lib/thumb/v7e-m/fpv5/hard\libm.a
END GROUP
START GROUP
LOAD d:/programmi/stm32cubeide_1.5.1/stm32cubeide/plugins/com.st.stm32cube.ide.mcu.externaltools.gnu-tools-for-stm32.7-2018-q2-update.win32_1.5.0.202011040924/tools/bin/../lib/gcc/arm-none-eabi/7.3.1/thumb/v7e-m/fpv5/hard\libgcc.a
LOAD d:/programmi/stm32cubeide_1.5.1/stm32cubeide/plugins/com.st.stm32cube.ide.mcu.externaltools.gnu-tools-for-stm32.7-2018-q2-update.win32_1.5.0.202011040924/tools/bin/../lib/gcc/arm-none-eabi/7.3.1/../../../../arm-none-eabi/lib/thumb/v7e-m/fpv5/hard\libc_nano.a
END GROUP
START GROUP
LOAD d:/programmi/stm32cubeide_1.5.1/stm32cubeide/plugins/com.st.stm32cube.ide.mcu.externaltools.gnu-tools-for-stm32.7-2018-q2-update.win32_1.5.0.202011040924/tools/bin/../lib/gcc/arm-none-eabi/7.3.1/thumb/v7e-m/fpv5/hard\libgcc.a
LOAD d:/programmi/stm32cubeide_1.5.1/stm32cubeide/plugins/com.st.stm32cube.ide.mcu.externaltools.gnu-tools-for-stm32.7-2018-q2-update.win32_1.5.0.202011040924/tools/bin/../lib/gcc/arm-none-eabi/7.3.1/../../../../arm-none-eabi/lib/thumb/v7e-m/fpv5/hard\libc_nano.a
LOAD d:/programmi/stm32cubeide_1.5.1/stm32cubeide/plugins/com.st.stm32cube.ide.mcu.externaltools.gnu-tools-for-stm32.7-2018-q2-update.win32_1.5.0.202011040924/tools/bin/../lib/gcc/arm-none-eabi/7.3.1/../../../../arm-none-eabi/lib/thumb/v7e-m/fpv5/hard\libnosys.a
END GROUP
START GROUP
LOAD d:/programmi/stm32cubeide_1.5.1/stm32cubeide/plugins/com.st.stm32cube.ide.mcu.externaltools.gnu-tools-for-stm32.7-2018-q2-update.win32_1.5.0.202011040924/tools/bin/../lib/gcc/arm-none-eabi/7.3.1/thumb/v7e-m/fpv5/hard\libgcc.a
LOAD d:/programmi/stm32cubeide_1.5.1/stm32cubeide/plugins/com.st.stm32cube.ide.mcu.externaltools.gnu-tools-for-stm32.7-2018-q2-update.win32_1.5.0.202011040924/tools/bin/../lib/gcc/arm-none-eabi/7.3.1/../../../../arm-none-eabi/lib/thumb/v7e-m/fpv5/hard\libc_nano.a
LOAD d:/programmi/stm32cubeide_1.5.1/stm32cubeide/plugins/com.st.stm32cube.ide.mcu.externaltools.gnu-tools-for-stm32.7-2018-q2-update.win32_1.5.0.202011040924/tools/bin/../lib/gcc/arm-none-eabi/7.3.1/../../../../arm-none-eabi/lib/thumb/v7e-m/fpv5/hard\libnosys.a
END GROUP
LOAD d:/programmi/stm32cubeide_1.5.1/stm32cubeide/plugins/com.st.stm32cube.ide.mcu.externaltools.gnu-tools-for-stm32.7-2018-q2-update.win32_1.5.0.202011040924/tools/bin/../lib/gcc/arm-none-eabi/7.3.1/thumb/v7e-m/fpv5/hard/crtend.o
LOAD d:/programmi/stm32cubeide_1.5.1/stm32cubeide/plugins/com.st.stm32cube.ide.mcu.externaltools.gnu-tools-for-stm32.7-2018-q2-update.win32_1.5.0.202011040924/tools/bin/../lib/gcc/arm-none-eabi/7.3.1/thumb/v7e-m/fpv5/hard/crtn.o
                0x0000000020080000                _estack = (ORIGIN (RAM) + LENGTH (RAM))
                0x0000000000000200                _Min_Heap_Size = 0x200
                0x0000000000000400                _Min_Stack_Size = 0x400

.isr_vector     0x0000000008000000      0x1f8
                0x0000000008000000                . = ALIGN (0x4)
 *(.isr_vector)
 .isr_vector    0x0000000008000000      0x1f8 Core/Startup/startup_stm32f767zitx.o
                0x0000000008000000                g_pfnVectors
                0x00000000080001f8                . = ALIGN (0x4)

.text           0x00000000080001f8     0x32bc
                0x00000000080001f8                . = ALIGN (0x4)
 *(.text)
 .text          0x00000000080001f8       0x40 d:/programmi/stm32cubeide_1.5.1/stm32cubeide/plugins/com.st.stm32cube.ide.mcu.externaltools.gnu-tools-for-stm32.7-2018-q2-update.win32_1.5.0.202011040924/tools/bin/../lib/gcc/arm-none-eabi/7.3.1/thumb/v7e-m/fpv5/hard/crtbegin.o
 .text          0x0000000008000238       0x30 d:/programmi/stm32cubeide_1.5.1/stm32cubeide/plugins/com.st.stm32cube.ide.mcu.externaltools.gnu-tools-for-stm32.7-2018-q2-update.win32_1.5.0.202011040924/tools/bin/../lib/gcc/arm-none-eabi/7.3.1/thumb/v7e-m/fpv5/hard\libgcc.a(_aeabi_uldivmod.o)
                0x0000000008000238                __aeabi_uldivmod
 .text          0x0000000008000268      0x2cc d:/programmi/stm32cubeide_1.5.1/stm32cubeide/plugins/com.st.stm32cube.ide.mcu.externaltools.gnu-tools-for-stm32.7-2018-q2-update.win32_1.5.0.202011040924/tools/bin/../lib/gcc/arm-none-eabi/7.3.1/thumb/v7e-m/fpv5/hard\libgcc.a(_udivmoddi4.o)
                0x0000000008000268                __udivmoddi4
 .text          0x0000000008000534        0x4 d:/programmi/stm32cubeide_1.5.1/stm32cubeide/plugins/com.st.stm32cube.ide.mcu.externaltools.gnu-tools-for-stm32.7-2018-q2-update.win32_1.5.0.202011040924/tools/bin/../lib/gcc/arm-none-eabi/7.3.1/thumb/v7e-m/fpv5/hard\libgcc.a(_dvmd_tls.o)
                0x0000000008000534                __aeabi_idiv0
                0x0000000008000534                __aeabi_ldiv0
 *(.text*)
 .text.app_main
                0x0000000008000538      0x1dc Core/Src/app_main.o
                0x0000000008000538                app_main
 .text.HAL_TIM_PeriodElapsedCallback
                0x0000000008000714       0xd4 Core/Src/app_main.o
                0x0000000008000714                HAL_TIM_PeriodElapsedCallback
 .text.setPWMLightEncoder
                0x00000000080007e8       0x50 Core/Src/app_main.o
 .text.EncoderValueChanged
                0x0000000008000838       0x20 Core/Src/app_main.o
                0x0000000008000838                EncoderValueChanged
 .text.EncoderDirectionChanged
                0x0000000008000858       0x16 Core/Src/app_main.o
                0x0000000008000858                EncoderDirectionChanged
 .text.main     0x000000000800086e       0x26 Core/Src/main.o
                0x000000000800086e                main
 .text.SystemClock_Config
                0x0000000008000894       0xdc Core/Src/main.o
                0x0000000008000894                SystemClock_Config
 .text.MX_TIM1_Init
                0x0000000008000970       0xa8 Core/Src/main.o
 .text.MX_TIM3_Init
                0x0000000008000a18       0xf8 Core/Src/main.o
 .text.MX_TIM4_Init
                0x0000000008000b10       0xac Core/Src/main.o
 .text.MX_TIM6_Init
                0x0000000008000bbc       0x70 Core/Src/main.o
 .text.MX_GPIO_Init
                0x0000000008000c2c      0x1c4 Core/Src/main.o
 .text.Error_Handler
                0x0000000008000df0        0x8 Core/Src/main.o
                0x0000000008000df0                Error_Handler
 .text.HAL_MspInit
                0x0000000008000df8       0x48 Core/Src/stm32f7xx_hal_msp.o
                0x0000000008000df8                HAL_MspInit
 .text.HAL_TIM_Base_MspInit
                0x0000000008000e40       0x84 Core/Src/stm32f7xx_hal_msp.o
                0x0000000008000e40                HAL_TIM_Base_MspInit
 .text.HAL_TIM_PWM_MspInit
                0x0000000008000ec4       0x40 Core/Src/stm32f7xx_hal_msp.o
                0x0000000008000ec4                HAL_TIM_PWM_MspInit
 .text.HAL_TIM_Encoder_MspInit
                0x0000000008000f04       0x88 Core/Src/stm32f7xx_hal_msp.o
                0x0000000008000f04                HAL_TIM_Encoder_MspInit
 .text.HAL_TIM_MspPostInit
                0x0000000008000f8c       0xe8 Core/Src/stm32f7xx_hal_msp.o
                0x0000000008000f8c                HAL_TIM_MspPostInit
 .text.NMI_Handler
                0x0000000008001074        0x6 Core/Src/stm32f7xx_it.o
                0x0000000008001074                NMI_Handler
 .text.HardFault_Handler
                0x000000000800107a        0x6 Core/Src/stm32f7xx_it.o
                0x000000000800107a                HardFault_Handler
 .text.MemManage_Handler
                0x0000000008001080        0x6 Core/Src/stm32f7xx_it.o
                0x0000000008001080                MemManage_Handler
 .text.BusFault_Handler
                0x0000000008001086        0x6 Core/Src/stm32f7xx_it.o
                0x0000000008001086                BusFault_Handler
 .text.UsageFault_Handler
                0x000000000800108c        0x6 Core/Src/stm32f7xx_it.o
                0x000000000800108c                UsageFault_Handler
 .text.SVC_Handler
                0x0000000008001092        0xe Core/Src/stm32f7xx_it.o
                0x0000000008001092                SVC_Handler
 .text.DebugMon_Handler
                0x00000000080010a0        0xe Core/Src/stm32f7xx_it.o
                0x00000000080010a0                DebugMon_Handler
 .text.PendSV_Handler
                0x00000000080010ae        0xe Core/Src/stm32f7xx_it.o
                0x00000000080010ae                PendSV_Handler
 .text.SysTick_Handler
                0x00000000080010bc        0xc Core/Src/stm32f7xx_it.o
                0x00000000080010bc                SysTick_Handler
 .text.TIM1_UP_TIM10_IRQHandler
                0x00000000080010c8       0x14 Core/Src/stm32f7xx_it.o
                0x00000000080010c8                TIM1_UP_TIM10_IRQHandler
 .text.TIM6_DAC_IRQHandler
                0x00000000080010dc       0x14 Core/Src/stm32f7xx_it.o
                0x00000000080010dc                TIM6_DAC_IRQHandler
 .text.SystemInit
                0x00000000080010f0       0x2c Core/Src/system_stm32f7xx.o
                0x00000000080010f0                SystemInit
 .text.Reset_Handler
                0x000000000800111c       0x50 Core/Startup/startup_stm32f767zitx.o
                0x000000000800111c                Reset_Handler
 .text.Default_Handler
                0x000000000800116c        0x2 Core/Startup/startup_stm32f767zitx.o
                0x000000000800116c                RTC_Alarm_IRQHandler
                0x000000000800116c                EXTI2_IRQHandler
                0x000000000800116c                TIM8_CC_IRQHandler
                0x000000000800116c                UART8_IRQHandler
                0x000000000800116c                SPI4_IRQHandler
                0x000000000800116c                TIM1_CC_IRQHandler
                0x000000000800116c                DMA2_Stream5_IRQHandler
                0x000000000800116c                JPEG_IRQHandler
                0x000000000800116c                DMA1_Stream5_IRQHandler
                0x000000000800116c                CAN3_RX1_IRQHandler
                0x000000000800116c                PVD_IRQHandler
                0x000000000800116c                TAMP_STAMP_IRQHandler
                0x000000000800116c                CAN2_RX1_IRQHandler
                0x000000000800116c                EXTI3_IRQHandler
                0x000000000800116c                TIM8_TRG_COM_TIM14_IRQHandler
                0x000000000800116c                DFSDM1_FLT1_IRQHandler
                0x000000000800116c                TIM8_UP_TIM13_IRQHandler
                0x000000000800116c                I2C3_ER_IRQHandler
                0x000000000800116c                DFSDM1_FLT2_IRQHandler
                0x000000000800116c                EXTI0_IRQHandler
                0x000000000800116c                I2C2_EV_IRQHandler
                0x000000000800116c                DMA1_Stream2_IRQHandler
                0x000000000800116c                CAN1_RX0_IRQHandler
                0x000000000800116c                FPU_IRQHandler
                0x000000000800116c                OTG_HS_WKUP_IRQHandler
                0x000000000800116c                CAN3_SCE_IRQHandler
                0x000000000800116c                LTDC_ER_IRQHandler
                0x000000000800116c                CAN2_SCE_IRQHandler
                0x000000000800116c                DMA2_Stream2_IRQHandler
                0x000000000800116c                SPI1_IRQHandler
                0x000000000800116c                TIM1_BRK_TIM9_IRQHandler
                0x000000000800116c                DCMI_IRQHandler
                0x000000000800116c                CAN2_RX0_IRQHandler
                0x000000000800116c                DMA2_Stream3_IRQHandler
                0x000000000800116c                SAI2_IRQHandler
                0x000000000800116c                DFSDM1_FLT3_IRQHandler
                0x000000000800116c                USART6_IRQHandler
                0x000000000800116c                CAN3_RX0_IRQHandler
                0x000000000800116c                USART3_IRQHandler
                0x000000000800116c                CAN1_RX1_IRQHandler
                0x000000000800116c                UART5_IRQHandler
                0x000000000800116c                DMA2_Stream0_IRQHandler
                0x000000000800116c                TIM4_IRQHandler
                0x000000000800116c                QUADSPI_IRQHandler
                0x000000000800116c                I2C1_EV_IRQHandler
                0x000000000800116c                DMA1_Stream6_IRQHandler
                0x000000000800116c                DMA1_Stream1_IRQHandler
                0x000000000800116c                UART4_IRQHandler
                0x000000000800116c                TIM3_IRQHandler
                0x000000000800116c                RCC_IRQHandler
                0x000000000800116c                TIM8_BRK_TIM12_IRQHandler
                0x000000000800116c                Default_Handler
                0x000000000800116c                CEC_IRQHandler
                0x000000000800116c                EXTI15_10_IRQHandler
                0x000000000800116c                ADC_IRQHandler
                0x000000000800116c                DMA1_Stream7_IRQHandler
                0x000000000800116c                SPI5_IRQHandler
                0x000000000800116c                TIM7_IRQHandler
                0x000000000800116c                SDMMC1_IRQHandler
                0x000000000800116c                CAN2_TX_IRQHandler
                0x000000000800116c                TIM5_IRQHandler
                0x000000000800116c                DMA2_Stream7_IRQHandler
                0x000000000800116c                I2C3_EV_IRQHandler
                0x000000000800116c                EXTI9_5_IRQHandler
                0x000000000800116c                RTC_WKUP_IRQHandler
                0x000000000800116c                LTDC_IRQHandler
                0x000000000800116c                ETH_WKUP_IRQHandler
                0x000000000800116c                SPDIF_RX_IRQHandler
                0x000000000800116c                SPI2_IRQHandler
                0x000000000800116c                OTG_HS_EP1_IN_IRQHandler
                0x000000000800116c                DMA1_Stream0_IRQHandler
                0x000000000800116c                CAN1_TX_IRQHandler
                0x000000000800116c                EXTI4_IRQHandler
                0x000000000800116c                RNG_IRQHandler
                0x000000000800116c                ETH_IRQHandler
                0x000000000800116c                OTG_HS_EP1_OUT_IRQHandler
                0x000000000800116c                WWDG_IRQHandler
                0x000000000800116c                SPI6_IRQHandler
                0x000000000800116c                MDIOS_IRQHandler
                0x000000000800116c                I2C4_EV_IRQHandler
                0x000000000800116c                CAN3_TX_IRQHandler
                0x000000000800116c                TIM2_IRQHandler
                0x000000000800116c                OTG_FS_WKUP_IRQHandler
                0x000000000800116c                TIM1_TRG_COM_TIM11_IRQHandler
                0x000000000800116c                OTG_HS_IRQHandler
                0x000000000800116c                DMA2D_IRQHandler
                0x000000000800116c                EXTI1_IRQHandler
                0x000000000800116c                SDMMC2_IRQHandler
                0x000000000800116c                UART7_IRQHandler
                0x000000000800116c                USART2_IRQHandler
                0x000000000800116c                DFSDM1_FLT0_IRQHandler
                0x000000000800116c                I2C2_ER_IRQHandler
                0x000000000800116c                DMA2_Stream1_IRQHandler
                0x000000000800116c                CAN1_SCE_IRQHandler
                0x000000000800116c                FLASH_IRQHandler
                0x000000000800116c                DMA2_Stream4_IRQHandler
                0x000000000800116c                USART1_IRQHandler
                0x000000000800116c                OTG_FS_IRQHandler
                0x000000000800116c                SPI3_IRQHandler
                0x000000000800116c                DMA1_Stream4_IRQHandler
                0x000000000800116c                I2C1_ER_IRQHandler
                0x000000000800116c                FMC_IRQHandler
                0x000000000800116c                LPTIM1_IRQHandler
                0x000000000800116c                I2C4_ER_IRQHandler
                0x000000000800116c                DMA2_Stream6_IRQHandler
                0x000000000800116c                SAI1_IRQHandler
                0x000000000800116c                DMA1_Stream3_IRQHandler
 .text.HAL_Init
                0x000000000800116e       0x1a Drivers/STM32F7xx_HAL_Driver/Src/stm32f7xx_hal.o
                0x000000000800116e                HAL_Init
 .text.HAL_InitTick
                0x0000000008001188       0x60 Drivers/STM32F7xx_HAL_Driver/Src/stm32f7xx_hal.o
                0x0000000008001188                HAL_InitTick
 .text.HAL_IncTick
                0x00000000080011e8       0x28 Drivers/STM32F7xx_HAL_Driver/Src/stm32f7xx_hal.o
                0x00000000080011e8                HAL_IncTick
 .text.HAL_GetTick
                0x0000000008001210       0x18 Drivers/STM32F7xx_HAL_Driver/Src/stm32f7xx_hal.o
                0x0000000008001210                HAL_GetTick
 .text.HAL_Delay
                0x0000000008001228       0x44 Drivers/STM32F7xx_HAL_Driver/Src/stm32f7xx_hal.o
                0x0000000008001228                HAL_Delay
 .text.__NVIC_SetPriorityGrouping
                0x000000000800126c       0x48 Drivers/STM32F7xx_HAL_Driver/Src/stm32f7xx_hal_cortex.o
 .text.__NVIC_GetPriorityGrouping
                0x00000000080012b4       0x1c Drivers/STM32F7xx_HAL_Driver/Src/stm32f7xx_hal_cortex.o
 .text.__NVIC_EnableIRQ
                0x00000000080012d0       0x3c Drivers/STM32F7xx_HAL_Driver/Src/stm32f7xx_hal_cortex.o
 .text.__NVIC_SetPriority
                0x000000000800130c       0x54 Drivers/STM32F7xx_HAL_Driver/Src/stm32f7xx_hal_cortex.o
 .text.NVIC_EncodePriority
                0x0000000008001360       0x66 Drivers/STM32F7xx_HAL_Driver/Src/stm32f7xx_hal_cortex.o
 *fill*         0x00000000080013c6        0x2 
 .text.SysTick_Config
                0x00000000080013c8       0x44 Drivers/STM32F7xx_HAL_Driver/Src/stm32f7xx_hal_cortex.o
 .text.HAL_NVIC_SetPriorityGrouping
                0x000000000800140c       0x16 Drivers/STM32F7xx_HAL_Driver/Src/stm32f7xx_hal_cortex.o
                0x000000000800140c                HAL_NVIC_SetPriorityGrouping
 .text.HAL_NVIC_SetPriority
                0x0000000008001422       0x38 Drivers/STM32F7xx_HAL_Driver/Src/stm32f7xx_hal_cortex.o
                0x0000000008001422                HAL_NVIC_SetPriority
 .text.HAL_NVIC_EnableIRQ
                0x000000000800145a       0x1c Drivers/STM32F7xx_HAL_Driver/Src/stm32f7xx_hal_cortex.o
                0x000000000800145a                HAL_NVIC_EnableIRQ
 .text.HAL_SYSTICK_Config
                0x0000000008001476       0x18 Drivers/STM32F7xx_HAL_Driver/Src/stm32f7xx_hal_cortex.o
                0x0000000008001476                HAL_SYSTICK_Config
 *fill*         0x000000000800148e        0x2 
 .text.HAL_GPIO_Init
                0x0000000008001490      0x354 Drivers/STM32F7xx_HAL_Driver/Src/stm32f7xx_hal_gpio.o
                0x0000000008001490                HAL_GPIO_Init
 .text.HAL_GPIO_ReadPin
                0x00000000080017e4       0x30 Drivers/STM32F7xx_HAL_Driver/Src/stm32f7xx_hal_gpio.o
                0x00000000080017e4                HAL_GPIO_ReadPin
 .text.HAL_GPIO_WritePin
                0x0000000008001814       0x32 Drivers/STM32F7xx_HAL_Driver/Src/stm32f7xx_hal_gpio.o
                0x0000000008001814                HAL_GPIO_WritePin
 .text.HAL_GPIO_TogglePin
                0x0000000008001846       0x34 Drivers/STM32F7xx_HAL_Driver/Src/stm32f7xx_hal_gpio.o
                0x0000000008001846                HAL_GPIO_TogglePin
 *fill*         0x000000000800187a        0x2 
 .text.HAL_PWR_EnableBkUpAccess
                0x000000000800187c       0x20 Drivers/STM32F7xx_HAL_Driver/Src/stm32f7xx_hal_pwr.o
                0x000000000800187c                HAL_PWR_EnableBkUpAccess
 .text.HAL_PWREx_EnableOverDrive
                0x000000000800189c       0xa0 Drivers/STM32F7xx_HAL_Driver/Src/stm32f7xx_hal_pwr_ex.o
                0x000000000800189c                HAL_PWREx_EnableOverDrive
 .text.HAL_RCC_OscConfig
                0x000000000800193c      0x55c Drivers/STM32F7xx_HAL_Driver/Src/stm32f7xx_hal_rcc.o
                0x000000000800193c                HAL_RCC_OscConfig
 .text.HAL_RCC_ClockConfig
                0x0000000008001e98      0x1d8 Drivers/STM32F7xx_HAL_Driver/Src/stm32f7xx_hal_rcc.o
                0x0000000008001e98                HAL_RCC_ClockConfig
 .text.HAL_RCC_GetSysClockFreq
                0x0000000008002070      0x1b0 Drivers/STM32F7xx_HAL_Driver/Src/stm32f7xx_hal_rcc.o
                0x0000000008002070                HAL_RCC_GetSysClockFreq
 .text.HAL_TIM_Base_Init
                0x0000000008002220       0x56 Drivers/STM32F7xx_HAL_Driver/Src/stm32f7xx_hal_tim.o
                0x0000000008002220                HAL_TIM_Base_Init
 *fill*         0x0000000008002276        0x2 
 .text.HAL_TIM_Base_Start_IT
                0x0000000008002278       0x54 Drivers/STM32F7xx_HAL_Driver/Src/stm32f7xx_hal_tim.o
                0x0000000008002278                HAL_TIM_Base_Start_IT
 .text.HAL_TIM_PWM_Init
                0x00000000080022cc       0x56 Drivers/STM32F7xx_HAL_Driver/Src/stm32f7xx_hal_tim.o
                0x00000000080022cc                HAL_TIM_PWM_Init
 *fill*         0x0000000008002322        0x2 
 .text.HAL_TIM_PWM_Start
                0x0000000008002324       0x88 Drivers/STM32F7xx_HAL_Driver/Src/stm32f7xx_hal_tim.o
                0x0000000008002324                HAL_TIM_PWM_Start
 .text.HAL_TIM_Encoder_Init
                0x00000000080023ac      0x124 Drivers/STM32F7xx_HAL_Driver/Src/stm32f7xx_hal_tim.o
                0x00000000080023ac                HAL_TIM_Encoder_Init
 .text.HAL_TIM_Encoder_Start
                0x00000000080024d0       0x6e Drivers/STM32F7xx_HAL_Driver/Src/stm32f7xx_hal_tim.o
                0x00000000080024d0                HAL_TIM_Encoder_Start
 .text.HAL_TIM_IRQHandler
                0x000000000800253e      0x23e Drivers/STM32F7xx_HAL_Driver/Src/stm32f7xx_hal_tim.o
                0x000000000800253e                HAL_TIM_IRQHandler
 .text.HAL_TIM_PWM_ConfigChannel
                0x000000000800277c      0x230 Drivers/STM32F7xx_HAL_Driver/Src/stm32f7xx_hal_tim.o
                0x000000000800277c                HAL_TIM_PWM_ConfigChannel
 .text.HAL_TIM_ConfigClockSource
                0x00000000080029ac      0x174 Drivers/STM32F7xx_HAL_Driver/Src/stm32f7xx_hal_tim.o
                0x00000000080029ac                HAL_TIM_ConfigClockSource
 .text.HAL_TIM_OC_DelayElapsedCallback
                0x0000000008002b20       0x14 Drivers/STM32F7xx_HAL_Driver/Src/stm32f7xx_hal_tim.o
                0x0000000008002b20                HAL_TIM_OC_DelayElapsedCallback
 .text.HAL_TIM_IC_CaptureCallback
                0x0000000008002b34       0x14 Drivers/STM32F7xx_HAL_Driver/Src/stm32f7xx_hal_tim.o
                0x0000000008002b34                HAL_TIM_IC_CaptureCallback
 .text.HAL_TIM_PWM_PulseFinishedCallback
                0x0000000008002b48       0x14 Drivers/STM32F7xx_HAL_Driver/Src/stm32f7xx_hal_tim.o
                0x0000000008002b48                HAL_TIM_PWM_PulseFinishedCallback
 .text.HAL_TIM_TriggerCallback
                0x0000000008002b5c       0x14 Drivers/STM32F7xx_HAL_Driver/Src/stm32f7xx_hal_tim.o
                0x0000000008002b5c                HAL_TIM_TriggerCallback
 .text.TIM_Base_SetConfig
                0x0000000008002b70      0x140 Drivers/STM32F7xx_HAL_Driver/Src/stm32f7xx_hal_tim.o
                0x0000000008002b70                TIM_Base_SetConfig
 .text.TIM_OC1_SetConfig
                0x0000000008002cb0       0xe4 Drivers/STM32F7xx_HAL_Driver/Src/stm32f7xx_hal_tim.o
 .text.TIM_OC2_SetConfig
                0x0000000008002d94       0xf0 Drivers/STM32F7xx_HAL_Driver/Src/stm32f7xx_hal_tim.o
                0x0000000008002d94                TIM_OC2_SetConfig
 .text.TIM_OC3_SetConfig
                0x0000000008002e84       0xec Drivers/STM32F7xx_HAL_Driver/Src/stm32f7xx_hal_tim.o
 .text.TIM_OC4_SetConfig
                0x0000000008002f70       0xb0 Drivers/STM32F7xx_HAL_Driver/Src/stm32f7xx_hal_tim.o
 .text.TIM_OC5_SetConfig
                0x0000000008003020       0xa4 Drivers/STM32F7xx_HAL_Driver/Src/stm32f7xx_hal_tim.o
 .text.TIM_OC6_SetConfig
                0x00000000080030c4       0xa8 Drivers/STM32F7xx_HAL_Driver/Src/stm32f7xx_hal_tim.o
 .text.TIM_TI1_ConfigInputStage
                0x000000000800316c       0x5e Drivers/STM32F7xx_HAL_Driver/Src/stm32f7xx_hal_tim.o
 .text.TIM_TI2_ConfigInputStage
                0x00000000080031ca       0x60 Drivers/STM32F7xx_HAL_Driver/Src/stm32f7xx_hal_tim.o
 .text.TIM_ITRx_SetConfig
                0x000000000800322a       0x36 Drivers/STM32F7xx_HAL_Driver/Src/stm32f7xx_hal_tim.o
 .text.TIM_ETR_SetConfig
                0x0000000008003260       0x40 Drivers/STM32F7xx_HAL_Driver/Src/stm32f7xx_hal_tim.o
                0x0000000008003260                TIM_ETR_SetConfig
 .text.TIM_CCxChannelCmd
                0x00000000080032a0       0x4a Drivers/STM32F7xx_HAL_Driver/Src/stm32f7xx_hal_tim.o
                0x00000000080032a0                TIM_CCxChannelCmd
 *fill*         0x00000000080032ea        0x2 
 .text.HAL_TIMEx_MasterConfigSynchronization
                0x00000000080032ec      0x11c Drivers/STM32F7xx_HAL_Driver/Src/stm32f7xx_hal_tim_ex.o
                0x00000000080032ec                HAL_TIMEx_MasterConfigSynchronization
 .text.HAL_TIMEx_CommutCallback
                0x0000000008003408       0x14 Drivers/STM32F7xx_HAL_Driver/Src/stm32f7xx_hal_tim_ex.o
                0x0000000008003408                HAL_TIMEx_CommutCallback
 .text.HAL_TIMEx_BreakCallback
                0x000000000800341c       0x14 Drivers/STM32F7xx_HAL_Driver/Src/stm32f7xx_hal_tim_ex.o
                0x000000000800341c                HAL_TIMEx_BreakCallback
 .text.HAL_TIMEx_Break2Callback
                0x0000000008003430       0x14 Drivers/STM32F7xx_HAL_Driver/Src/stm32f7xx_hal_tim_ex.o
                0x0000000008003430                HAL_TIMEx_Break2Callback
 .text.__libc_init_array
                0x0000000008003444       0x48 d:/programmi/stm32cubeide_1.5.1/stm32cubeide/plugins/com.st.stm32cube.ide.mcu.externaltools.gnu-tools-for-stm32.7-2018-q2-update.win32_1.5.0.202011040924/tools/bin/../lib/gcc/arm-none-eabi/7.3.1/../../../../arm-none-eabi/lib/thumb/v7e-m/fpv5/hard\libc_nano.a(lib_a-init.o)
                0x0000000008003444                __libc_init_array
 .text.memset   0x000000000800348c       0x10 d:/programmi/stm32cubeide_1.5.1/stm32cubeide/plugins/com.st.stm32cube.ide.mcu.externaltools.gnu-tools-for-stm32.7-2018-q2-update.win32_1.5.0.202011040924/tools/bin/../lib/gcc/arm-none-eabi/7.3.1/../../../../arm-none-eabi/lib/thumb/v7e-m/fpv5/hard\libc_nano.a(lib_a-memset.o)
                0x000000000800348c                memset
 *(.glue_7)
 .glue_7        0x000000000800349c        0x0 linker stubs
 *(.glue_7t)
 .glue_7t       0x000000000800349c        0x0 linker stubs
 *(.eh_frame)
 .eh_frame      0x000000000800349c        0x0 d:/programmi/stm32cubeide_1.5.1/stm32cubeide/plugins/com.st.stm32cube.ide.mcu.externaltools.gnu-tools-for-stm32.7-2018-q2-update.win32_1.5.0.202011040924/tools/bin/../lib/gcc/arm-none-eabi/7.3.1/thumb/v7e-m/fpv5/hard/crtbegin.o
 *(.init)
 .init          0x000000000800349c        0x4 d:/programmi/stm32cubeide_1.5.1/stm32cubeide/plugins/com.st.stm32cube.ide.mcu.externaltools.gnu-tools-for-stm32.7-2018-q2-update.win32_1.5.0.202011040924/tools/bin/../lib/gcc/arm-none-eabi/7.3.1/thumb/v7e-m/fpv5/hard/crti.o
                0x000000000800349c                _init
 .init          0x00000000080034a0        0x8 d:/programmi/stm32cubeide_1.5.1/stm32cubeide/plugins/com.st.stm32cube.ide.mcu.externaltools.gnu-tools-for-stm32.7-2018-q2-update.win32_1.5.0.202011040924/tools/bin/../lib/gcc/arm-none-eabi/7.3.1/thumb/v7e-m/fpv5/hard/crtn.o
 *(.fini)
 .fini          0x00000000080034a8        0x4 d:/programmi/stm32cubeide_1.5.1/stm32cubeide/plugins/com.st.stm32cube.ide.mcu.externaltools.gnu-tools-for-stm32.7-2018-q2-update.win32_1.5.0.202011040924/tools/bin/../lib/gcc/arm-none-eabi/7.3.1/thumb/v7e-m/fpv5/hard/crti.o
                0x00000000080034a8                _fini
 .fini          0x00000000080034ac        0x8 d:/programmi/stm32cubeide_1.5.1/stm32cubeide/plugins/com.st.stm32cube.ide.mcu.externaltools.gnu-tools-for-stm32.7-2018-q2-update.win32_1.5.0.202011040924/tools/bin/../lib/gcc/arm-none-eabi/7.3.1/thumb/v7e-m/fpv5/hard/crtn.o
                0x00000000080034b4                . = ALIGN (0x4)
                0x00000000080034b4                _etext = .

.vfp11_veneer   0x00000000080034b4        0x0
 .vfp11_veneer  0x00000000080034b4        0x0 linker stubs

.v4_bx          0x00000000080034b4        0x0
 .v4_bx         0x00000000080034b4        0x0 linker stubs

.iplt           0x00000000080034b4        0x0
 .iplt          0x00000000080034b4        0x0 d:/programmi/stm32cubeide_1.5.1/stm32cubeide/plugins/com.st.stm32cube.ide.mcu.externaltools.gnu-tools-for-stm32.7-2018-q2-update.win32_1.5.0.202011040924/tools/bin/../lib/gcc/arm-none-eabi/7.3.1/thumb/v7e-m/fpv5/hard/crtbegin.o

.rodata         0x00000000080034b4       0x10
                0x00000000080034b4                . = ALIGN (0x4)
 *(.rodata)
 *(.rodata*)
 .rodata.AHBPrescTable
                0x00000000080034b4       0x10 Core/Src/system_stm32f7xx.o
                0x00000000080034b4                AHBPrescTable
                0x00000000080034c4                . = ALIGN (0x4)

.ARM.extab      0x00000000080034c4        0x0
                0x00000000080034c4                . = ALIGN (0x4)
 *(.ARM.extab* .gnu.linkonce.armextab.*)
                0x00000000080034c4                . = ALIGN (0x4)

.ARM            0x00000000080034c4        0x8
                0x00000000080034c4                . = ALIGN (0x4)
                0x00000000080034c4                __exidx_start = .
 *(.ARM.exidx*)
 .ARM.exidx     0x00000000080034c4        0x8 d:/programmi/stm32cubeide_1.5.1/stm32cubeide/plugins/com.st.stm32cube.ide.mcu.externaltools.gnu-tools-for-stm32.7-2018-q2-update.win32_1.5.0.202011040924/tools/bin/../lib/gcc/arm-none-eabi/7.3.1/thumb/v7e-m/fpv5/hard\libgcc.a(_udivmoddi4.o)
                0x00000000080034cc                __exidx_end = .
                0x00000000080034cc                . = ALIGN (0x4)

.rel.dyn        0x00000000080034cc        0x0
 .rel.iplt      0x00000000080034cc        0x0 d:/programmi/stm32cubeide_1.5.1/stm32cubeide/plugins/com.st.stm32cube.ide.mcu.externaltools.gnu-tools-for-stm32.7-2018-q2-update.win32_1.5.0.202011040924/tools/bin/../lib/gcc/arm-none-eabi/7.3.1/thumb/v7e-m/fpv5/hard/crtbegin.o

.preinit_array  0x00000000080034cc        0x0
                0x00000000080034cc                . = ALIGN (0x4)
                0x00000000080034cc                PROVIDE (__preinit_array_start = .)
 *(.preinit_array*)
                0x00000000080034cc                PROVIDE (__preinit_array_end = .)
                0x00000000080034cc                . = ALIGN (0x4)

.init_array     0x00000000080034cc        0x4
                0x00000000080034cc                . = ALIGN (0x4)
                0x00000000080034cc                PROVIDE (__init_array_start = .)
 *(SORT_BY_NAME(.init_array.*))
 *(.init_array*)
 .init_array    0x00000000080034cc        0x4 d:/programmi/stm32cubeide_1.5.1/stm32cubeide/plugins/com.st.stm32cube.ide.mcu.externaltools.gnu-tools-for-stm32.7-2018-q2-update.win32_1.5.0.202011040924/tools/bin/../lib/gcc/arm-none-eabi/7.3.1/thumb/v7e-m/fpv5/hard/crtbegin.o
                0x00000000080034d0                PROVIDE (__init_array_end = .)
                0x00000000080034d0                . = ALIGN (0x4)

.fini_array     0x00000000080034d0        0x4
                0x00000000080034d0                . = ALIGN (0x4)
                [!provide]                        PROVIDE (__fini_array_start = .)
 *(SORT_BY_NAME(.fini_array.*))
 *(.fini_array*)
 .fini_array    0x00000000080034d0        0x4 d:/programmi/stm32cubeide_1.5.1/stm32cubeide/plugins/com.st.stm32cube.ide.mcu.externaltools.gnu-tools-for-stm32.7-2018-q2-update.win32_1.5.0.202011040924/tools/bin/../lib/gcc/arm-none-eabi/7.3.1/thumb/v7e-m/fpv5/hard/crtbegin.o
                [!provide]                        PROVIDE (__fini_array_end = .)
                0x00000000080034d4                . = ALIGN (0x4)
                0x00000000080034d4                _sidata = LOADADDR (.data)

.data           0x0000000020000000        0xc load address 0x00000000080034d4
                0x0000000020000000                . = ALIGN (0x4)
                0x0000000020000000                _sdata = .
 *(.data)
 *(.data*)
 .data.SystemCoreClock
                0x0000000020000000        0x4 Core/Src/system_stm32f7xx.o
                0x0000000020000000                SystemCoreClock
 .data.uwTickPrio
                0x0000000020000004        0x4 Drivers/STM32F7xx_HAL_Driver/Src/stm32f7xx_hal.o
                0x0000000020000004                uwTickPrio
 .data.uwTickFreq
                0x0000000020000008        0x1 Drivers/STM32F7xx_HAL_Driver/Src/stm32f7xx_hal.o
                0x0000000020000008                uwTickFreq
 *(.RamFunc)
 *(.RamFunc*)
                0x000000002000000c                . = ALIGN (0x4)
 *fill*         0x0000000020000009        0x3 
                0x000000002000000c                _edata = .

.igot.plt       0x000000002000000c        0x0 load address 0x00000000080034e0
 .igot.plt      0x000000002000000c        0x0 d:/programmi/stm32cubeide_1.5.1/stm32cubeide/plugins/com.st.stm32cube.ide.mcu.externaltools.gnu-tools-for-stm32.7-2018-q2-update.win32_1.5.0.202011040924/tools/bin/../lib/gcc/arm-none-eabi/7.3.1/thumb/v7e-m/fpv5/hard/crtbegin.o
                0x000000002000000c                . = ALIGN (0x4)

.bss            0x000000002000000c      0x15c load address 0x00000000080034e0
                0x000000002000000c                _sbss = .
                0x000000002000000c                __bss_start__ = _sbss
 *(.bss)
 .bss           0x000000002000000c       0x1c d:/programmi/stm32cubeide_1.5.1/stm32cubeide/plugins/com.st.stm32cube.ide.mcu.externaltools.gnu-tools-for-stm32.7-2018-q2-update.win32_1.5.0.202011040924/tools/bin/../lib/gcc/arm-none-eabi/7.3.1/thumb/v7e-m/fpv5/hard/crtbegin.o
 *(.bss*)
 *(COMMON)
 COMMON         0x0000000020000028      0x139 Core/Src/app_main.o
                0x0000000020000028                PWMBlinkIndex
                0x000000002000002c                count2
                0x0000000020000030                htim4
                0x0000000020000070                isUp2
                0x0000000020000071                oldDirection
                0x0000000020000074                oldCounterEncoder
                0x0000000020000078                count4
                0x000000002000007c                toTrigger
                0x0000000020000080                htim3
                0x00000000200000c0                direction
                0x00000000200000c4                counterEncoder
                0x00000000200000c8                isUp4
                0x00000000200000cc                count3
                0x00000000200000d0                isUp3
                0x00000000200000d1                isPWMBlink
                0x00000000200000d4                htim6
                0x0000000020000114                htim1
                0x0000000020000154                delta
                0x0000000020000158                count1
                0x000000002000015c                isDirectionChanged
                0x000000002000015d                isEncoderChanged
                0x000000002000015e                wasPressed
                0x000000002000015f                isUp1
                0x0000000020000160                isSWPress
 *fill*         0x0000000020000161        0x3 
 COMMON         0x0000000020000164        0x4 Drivers/STM32F7xx_HAL_Driver/Src/stm32f7xx_hal.o
                0x0000000020000164                uwTick
                0x0000000020000168                . = ALIGN (0x4)
                0x0000000020000168                _ebss = .
                0x0000000020000168                __bss_end__ = _ebss

._user_heap_stack
                0x0000000020000168      0x600 load address 0x00000000080034e0
                0x0000000020000168                . = ALIGN (0x8)
                [!provide]                        PROVIDE (end = .)
                0x0000000020000168                PROVIDE (_end = .)
                0x0000000020000368                . = (. + _Min_Heap_Size)
 *fill*         0x0000000020000168      0x200 
                0x0000000020000768                . = (. + _Min_Stack_Size)
 *fill*         0x0000000020000368      0x400 
                0x0000000020000768                . = ALIGN (0x8)

/DISCARD/
 libc.a(*)
 libm.a(*)
 libgcc.a(*)

.ARM.attributes
                0x0000000000000000       0x2e
 *(.ARM.attributes)
 .ARM.attributes
                0x0000000000000000       0x20 d:/programmi/stm32cubeide_1.5.1/stm32cubeide/plugins/com.st.stm32cube.ide.mcu.externaltools.gnu-tools-for-stm32.7-2018-q2-update.win32_1.5.0.202011040924/tools/bin/../lib/gcc/arm-none-eabi/7.3.1/thumb/v7e-m/fpv5/hard/crti.o
 .ARM.attributes
                0x0000000000000020       0x32 d:/programmi/stm32cubeide_1.5.1/stm32cubeide/plugins/com.st.stm32cube.ide.mcu.externaltools.gnu-tools-for-stm32.7-2018-q2-update.win32_1.5.0.202011040924/tools/bin/../lib/gcc/arm-none-eabi/7.3.1/thumb/v7e-m/fpv5/hard/crtbegin.o
 .ARM.attributes
                0x0000000000000052       0x37 Core/Src/app_main.o
 .ARM.attributes
                0x0000000000000089       0x37 Core/Src/main.o
 .ARM.attributes
                0x00000000000000c0       0x37 Core/Src/stm32f7xx_hal_msp.o
 .ARM.attributes
                0x00000000000000f7       0x37 Core/Src/stm32f7xx_it.o
 .ARM.attributes
                0x000000000000012e       0x37 Core/Src/system_stm32f7xx.o
 .ARM.attributes
                0x0000000000000165       0x21 Core/Startup/startup_stm32f767zitx.o
 .ARM.attributes
                0x0000000000000186       0x37 Drivers/STM32F7xx_HAL_Driver/Src/stm32f7xx_hal.o
 .ARM.attributes
                0x00000000000001bd       0x37 Drivers/STM32F7xx_HAL_Driver/Src/stm32f7xx_hal_cortex.o
 .ARM.attributes
                0x00000000000001f4       0x37 Drivers/STM32F7xx_HAL_Driver/Src/stm32f7xx_hal_gpio.o
 .ARM.attributes
                0x000000000000022b       0x37 Drivers/STM32F7xx_HAL_Driver/Src/stm32f7xx_hal_pwr.o
 .ARM.attributes
                0x0000000000000262       0x37 Drivers/STM32F7xx_HAL_Driver/Src/stm32f7xx_hal_pwr_ex.o
 .ARM.attributes
                0x0000000000000299       0x37 Drivers/STM32F7xx_HAL_Driver/Src/stm32f7xx_hal_rcc.o
 .ARM.attributes
                0x00000000000002d0       0x37 Drivers/STM32F7xx_HAL_Driver/Src/stm32f7xx_hal_tim.o
 .ARM.attributes
                0x0000000000000307       0x37 Drivers/STM32F7xx_HAL_Driver/Src/stm32f7xx_hal_tim_ex.o
 .ARM.attributes
                0x000000000000033e       0x32 d:/programmi/stm32cubeide_1.5.1/stm32cubeide/plugins/com.st.stm32cube.ide.mcu.externaltools.gnu-tools-for-stm32.7-2018-q2-update.win32_1.5.0.202011040924/tools/bin/../lib/gcc/arm-none-eabi/7.3.1/../../../../arm-none-eabi/lib/thumb/v7e-m/fpv5/hard\libc_nano.a(lib_a-init.o)
 .ARM.attributes
                0x0000000000000370       0x32 d:/programmi/stm32cubeide_1.5.1/stm32cubeide/plugins/com.st.stm32cube.ide.mcu.externaltools.gnu-tools-for-stm32.7-2018-q2-update.win32_1.5.0.202011040924/tools/bin/../lib/gcc/arm-none-eabi/7.3.1/../../../../arm-none-eabi/lib/thumb/v7e-m/fpv5/hard\libc_nano.a(lib_a-memset.o)
 .ARM.attributes
                0x00000000000003a2       0x20 d:/programmi/stm32cubeide_1.5.1/stm32cubeide/plugins/com.st.stm32cube.ide.mcu.externaltools.gnu-tools-for-stm32.7-2018-q2-update.win32_1.5.0.202011040924/tools/bin/../lib/gcc/arm-none-eabi/7.3.1/thumb/v7e-m/fpv5/hard\libgcc.a(_aeabi_uldivmod.o)
 .ARM.attributes
                0x00000000000003c2       0x32 d:/programmi/stm32cubeide_1.5.1/stm32cubeide/plugins/com.st.stm32cube.ide.mcu.externaltools.gnu-tools-for-stm32.7-2018-q2-update.win32_1.5.0.202011040924/tools/bin/../lib/gcc/arm-none-eabi/7.3.1/thumb/v7e-m/fpv5/hard\libgcc.a(_udivmoddi4.o)
 .ARM.attributes
                0x00000000000003f4       0x20 d:/programmi/stm32cubeide_1.5.1/stm32cubeide/plugins/com.st.stm32cube.ide.mcu.externaltools.gnu-tools-for-stm32.7-2018-q2-update.win32_1.5.0.202011040924/tools/bin/../lib/gcc/arm-none-eabi/7.3.1/thumb/v7e-m/fpv5/hard\libgcc.a(_dvmd_tls.o)
 .ARM.attributes
                0x0000000000000414       0x20 d:/programmi/stm32cubeide_1.5.1/stm32cubeide/plugins/com.st.stm32cube.ide.mcu.externaltools.gnu-tools-for-stm32.7-2018-q2-update.win32_1.5.0.202011040924/tools/bin/../lib/gcc/arm-none-eabi/7.3.1/thumb/v7e-m/fpv5/hard/crtn.o
OUTPUT(TestNucleo-F767ZI_2.elf elf32-littlearm)

.debug_info     0x0000000000000000     0xaf1f
 .debug_info    0x0000000000000000      0xa85 Core/Src/app_main.o
 .debug_info    0x0000000000000a85      0xee9 Core/Src/main.o
 .debug_info    0x000000000000196e      0xe9d Core/Src/stm32f7xx_hal_msp.o
 .debug_info    0x000000000000280b      0x782 Core/Src/stm32f7xx_it.o
 .debug_info    0x0000000000002f8d      0x73d Core/Src/system_stm32f7xx.o
 .debug_info    0x00000000000036ca       0x22 Core/Startup/startup_stm32f767zitx.o
 .debug_info    0x00000000000036ec      0xa46 Drivers/STM32F7xx_HAL_Driver/Src/stm32f7xx_hal.o
 .debug_info    0x0000000000004132     0x108c Drivers/STM32F7xx_HAL_Driver/Src/stm32f7xx_hal_cortex.o
 .debug_info    0x00000000000051be      0x7e9 Drivers/STM32F7xx_HAL_Driver/Src/stm32f7xx_hal_gpio.o
 .debug_info    0x00000000000059a7      0x9b4 Drivers/STM32F7xx_HAL_Driver/Src/stm32f7xx_hal_pwr.o
 .debug_info    0x000000000000635b      0x96b Drivers/STM32F7xx_HAL_Driver/Src/stm32f7xx_hal_pwr_ex.o
 .debug_info    0x0000000000006cc6      0x996 Drivers/STM32F7xx_HAL_Driver/Src/stm32f7xx_hal_rcc.o
 .debug_info    0x000000000000765c     0x25bc Drivers/STM32F7xx_HAL_Driver/Src/stm32f7xx_hal_tim.o
 .debug_info    0x0000000000009c18     0x1307 Drivers/STM32F7xx_HAL_Driver/Src/stm32f7xx_hal_tim_ex.o

.debug_abbrev   0x0000000000000000     0x1959
 .debug_abbrev  0x0000000000000000      0x1bb Core/Src/app_main.o
 .debug_abbrev  0x00000000000001bb      0x218 Core/Src/main.o
 .debug_abbrev  0x00000000000003d3      0x214 Core/Src/stm32f7xx_hal_msp.o
 .debug_abbrev  0x00000000000005e7      0x16b Core/Src/stm32f7xx_it.o
 .debug_abbrev  0x0000000000000752      0x147 Core/Src/system_stm32f7xx.o
 .debug_abbrev  0x0000000000000899       0x12 Core/Startup/startup_stm32f767zitx.o
 .debug_abbrev  0x00000000000008ab      0x1c7 Drivers/STM32F7xx_HAL_Driver/Src/stm32f7xx_hal.o
 .debug_abbrev  0x0000000000000a72      0x2fa Drivers/STM32F7xx_HAL_Driver/Src/stm32f7xx_hal_cortex.o
 .debug_abbrev  0x0000000000000d6c      0x1c9 Drivers/STM32F7xx_HAL_Driver/Src/stm32f7xx_hal_gpio.o
 .debug_abbrev  0x0000000000000f35      0x1b6 Drivers/STM32F7xx_HAL_Driver/Src/stm32f7xx_hal_pwr.o
 .debug_abbrev  0x00000000000010eb      0x1b8 Drivers/STM32F7xx_HAL_Driver/Src/stm32f7xx_hal_pwr_ex.o
 .debug_abbrev  0x00000000000012a3      0x268 Drivers/STM32F7xx_HAL_Driver/Src/stm32f7xx_hal_rcc.o
 .debug_abbrev  0x000000000000150b      0x230 Drivers/STM32F7xx_HAL_Driver/Src/stm32f7xx_hal_tim.o
 .debug_abbrev  0x000000000000173b      0x21e Drivers/STM32F7xx_HAL_Driver/Src/stm32f7xx_hal_tim_ex.o

.debug_aranges  0x0000000000000000      0xb00
 .debug_aranges
                0x0000000000000000       0x48 Core/Src/app_main.o
 .debug_aranges
                0x0000000000000048       0x58 Core/Src/main.o
 .debug_aranges
                0x00000000000000a0       0x58 Core/Src/stm32f7xx_hal_msp.o
 .debug_aranges
                0x00000000000000f8       0x70 Core/Src/stm32f7xx_it.o
 .debug_aranges
                0x0000000000000168       0x28 Core/Src/system_stm32f7xx.o
 .debug_aranges
                0x0000000000000190       0x28 Core/Startup/startup_stm32f767zitx.o
 .debug_aranges
                0x00000000000001b8      0x110 Drivers/STM32F7xx_HAL_Driver/Src/stm32f7xx_hal.o
 .debug_aranges
                0x00000000000002c8      0x118 Drivers/STM32F7xx_HAL_Driver/Src/stm32f7xx_hal_cortex.o
 .debug_aranges
                0x00000000000003e0       0x58 Drivers/STM32F7xx_HAL_Driver/Src/stm32f7xx_hal_gpio.o
 .debug_aranges
                0x0000000000000438       0xa0 Drivers/STM32F7xx_HAL_Driver/Src/stm32f7xx_hal_pwr.o
 .debug_aranges
                0x00000000000004d8       0x80 Drivers/STM32F7xx_HAL_Driver/Src/stm32f7xx_hal_pwr_ex.o
 .debug_aranges
                0x0000000000000558       0x88 Drivers/STM32F7xx_HAL_Driver/Src/stm32f7xx_hal_rcc.o
 .debug_aranges
                0x00000000000005e0      0x3b8 Drivers/STM32F7xx_HAL_Driver/Src/stm32f7xx_hal_tim.o
 .debug_aranges
                0x0000000000000998      0x168 Drivers/STM32F7xx_HAL_Driver/Src/stm32f7xx_hal_tim_ex.o

.debug_ranges   0x0000000000000000      0xa28
 .debug_ranges  0x0000000000000000       0x38 Core/Src/app_main.o
 .debug_ranges  0x0000000000000038       0x48 Core/Src/main.o
 .debug_ranges  0x0000000000000080       0x48 Core/Src/stm32f7xx_hal_msp.o
 .debug_ranges  0x00000000000000c8       0x60 Core/Src/stm32f7xx_it.o
 .debug_ranges  0x0000000000000128       0x18 Core/Src/system_stm32f7xx.o
 .debug_ranges  0x0000000000000140       0x20 Core/Startup/startup_stm32f767zitx.o
 .debug_ranges  0x0000000000000160      0x100 Drivers/STM32F7xx_HAL_Driver/Src/stm32f7xx_hal.o
 .debug_ranges  0x0000000000000260      0x108 Drivers/STM32F7xx_HAL_Driver/Src/stm32f7xx_hal_cortex.o
 .debug_ranges  0x0000000000000368       0x48 Drivers/STM32F7xx_HAL_Driver/Src/stm32f7xx_hal_gpio.o
 .debug_ranges  0x00000000000003b0       0x90 Drivers/STM32F7xx_HAL_Driver/Src/stm32f7xx_hal_pwr.o
 .debug_ranges  0x0000000000000440       0x70 Drivers/STM32F7xx_HAL_Driver/Src/stm32f7xx_hal_pwr_ex.o
 .debug_ranges  0x00000000000004b0       0x78 Drivers/STM32F7xx_HAL_Driver/Src/stm32f7xx_hal_rcc.o
 .debug_ranges  0x0000000000000528      0x3a8 Drivers/STM32F7xx_HAL_Driver/Src/stm32f7xx_hal_tim.o
 .debug_ranges  0x00000000000008d0      0x158 Drivers/STM32F7xx_HAL_Driver/Src/stm32f7xx_hal_tim_ex.o

.debug_macro    0x0000000000000000    0x26712
 .debug_macro   0x0000000000000000      0x203 Core/Src/app_main.o
 .debug_macro   0x0000000000000203      0xa66 Core/Src/app_main.o
 .debug_macro   0x0000000000000c69      0x28d Core/Src/app_main.o
 .debug_macro   0x0000000000000ef6       0x2e Core/Src/app_main.o
 .debug_macro   0x0000000000000f24       0x3b Core/Src/app_main.o
 .debug_macro   0x0000000000000f5f       0x22 Core/Src/app_main.o
 .debug_macro   0x0000000000000f81       0x8e Core/Src/app_main.o
 .debug_macro   0x000000000000100f       0x51 Core/Src/app_main.o
 .debug_macro   0x0000000000001060       0xef Core/Src/app_main.o
 .debug_macro   0x000000000000114f       0x6a Core/Src/app_main.o
 .debug_macro   0x00000000000011b9      0x1df Core/Src/app_main.o
 .debug_macro   0x0000000000001398       0x1c Core/Src/app_main.o
 .debug_macro   0x00000000000013b4       0x22 Core/Src/app_main.o
 .debug_macro   0x00000000000013d6       0xdf Core/Src/app_main.o
 .debug_macro   0x00000000000014b5     0x12cd Core/Src/app_main.o
 .debug_macro   0x0000000000002782      0x11f Core/Src/app_main.o
 .debug_macro   0x00000000000028a1       0x19 Core/Src/app_main.o
 .debug_macro   0x00000000000028ba    0x1a9b4 Core/Src/app_main.o
 .debug_macro   0x000000000001d26e       0x43 Core/Src/app_main.o
 .debug_macro   0x000000000001d2b1     0x36b4 Core/Src/app_main.o
 .debug_macro   0x0000000000020965      0x174 Core/Src/app_main.o
 .debug_macro   0x0000000000020ad9       0x61 Core/Src/app_main.o
 .debug_macro   0x0000000000020b3a     0x1add Core/Src/app_main.o
 .debug_macro   0x0000000000022617      0x6c4 Core/Src/app_main.o
 .debug_macro   0x0000000000022cdb      0x18b Core/Src/app_main.o
 .debug_macro   0x0000000000022e66      0x117 Core/Src/app_main.o
 .debug_macro   0x0000000000022f7d      0x26f Core/Src/app_main.o
 .debug_macro   0x00000000000231ec       0x27 Core/Src/app_main.o
 .debug_macro   0x0000000000023213      0x24f Core/Src/app_main.o
 .debug_macro   0x0000000000023462       0x71 Core/Src/app_main.o
 .debug_macro   0x00000000000234d3       0x58 Core/Src/app_main.o
 .debug_macro   0x000000000002352b      0x236 Core/Src/app_main.o
 .debug_macro   0x0000000000023761      0x14f Core/Src/app_main.o
 .debug_macro   0x00000000000238b0      0x3dc Core/Src/app_main.o
 .debug_macro   0x0000000000023c8c       0x12 Core/Src/app_main.o
 .debug_macro   0x0000000000023c9e      0x22c Core/Src/app_main.o
 .debug_macro   0x0000000000023eca       0x61 Core/Src/app_main.o
 .debug_macro   0x0000000000023f2b       0xa5 Core/Src/app_main.o
 .debug_macro   0x0000000000023fd0      0x12f Core/Src/app_main.o
 .debug_macro   0x00000000000240ff      0x108 Core/Src/app_main.o
 .debug_macro   0x0000000000024207       0x35 Core/Src/app_main.o
 .debug_macro   0x000000000002423c      0xa3d Core/Src/app_main.o
 .debug_macro   0x0000000000024c79       0xa9 Core/Src/app_main.o
 .debug_macro   0x0000000000024d22      0x15c Core/Src/app_main.o
 .debug_macro   0x0000000000024e7e       0xe2 Core/Src/app_main.o
 .debug_macro   0x0000000000024f60       0x22 Core/Src/app_main.o
 .debug_macro   0x0000000000024f82      0x1ec Core/Src/main.o
 .debug_macro   0x000000000002516e       0xdc Core/Src/main.o
 .debug_macro   0x000000000002524a      0x1de Core/Src/stm32f7xx_hal_msp.o
 .debug_macro   0x0000000000025428      0x1e8 Core/Src/stm32f7xx_it.o
 .debug_macro   0x0000000000025610      0x1d5 Core/Src/system_stm32f7xx.o
 .debug_macro   0x00000000000257e5      0x1f3 Drivers/STM32F7xx_HAL_Driver/Src/stm32f7xx_hal.o
 .debug_macro   0x00000000000259d8      0x1cf Drivers/STM32F7xx_HAL_Driver/Src/stm32f7xx_hal_cortex.o
 .debug_macro   0x0000000000025ba7      0x205 Drivers/STM32F7xx_HAL_Driver/Src/stm32f7xx_hal_gpio.o
 .debug_macro   0x0000000000025dac      0x1ed Drivers/STM32F7xx_HAL_Driver/Src/stm32f7xx_hal_pwr.o
 .debug_macro   0x0000000000025f99      0x1e7 Drivers/STM32F7xx_HAL_Driver/Src/stm32f7xx_hal_pwr_ex.o
 .debug_macro   0x0000000000026180      0x1f3 Drivers/STM32F7xx_HAL_Driver/Src/stm32f7xx_hal_rcc.o
 .debug_macro   0x0000000000026373      0x1d0 Drivers/STM32F7xx_HAL_Driver/Src/stm32f7xx_hal_tim.o
 .debug_macro   0x0000000000026543      0x1cf Drivers/STM32F7xx_HAL_Driver/Src/stm32f7xx_hal_tim_ex.o

.debug_line     0x0000000000000000     0x844d
 .debug_line    0x0000000000000000      0x7d9 Core/Src/app_main.o
 .debug_line    0x00000000000007d9      0x7fe Core/Src/main.o
 .debug_line    0x0000000000000fd7      0x78c Core/Src/stm32f7xx_hal_msp.o
 .debug_line    0x0000000000001763      0x7a1 Core/Src/stm32f7xx_it.o
 .debug_line    0x0000000000001f04      0x6ee Core/Src/system_stm32f7xx.o
 .debug_line    0x00000000000025f2       0x85 Core/Startup/startup_stm32f767zitx.o
 .debug_line    0x0000000000002677      0x921 Drivers/STM32F7xx_HAL_Driver/Src/stm32f7xx_hal.o
 .debug_line    0x0000000000002f98      0x9fe Drivers/STM32F7xx_HAL_Driver/Src/stm32f7xx_hal_cortex.o
 .debug_line    0x0000000000003996      0x8e2 Drivers/STM32F7xx_HAL_Driver/Src/stm32f7xx_hal_gpio.o
 .debug_line    0x0000000000004278      0x842 Drivers/STM32F7xx_HAL_Driver/Src/stm32f7xx_hal_pwr.o
 .debug_line    0x0000000000004aba      0x81e Drivers/STM32F7xx_HAL_Driver/Src/stm32f7xx_hal_pwr_ex.o
 .debug_line    0x00000000000052d8      0x987 Drivers/STM32F7xx_HAL_Driver/Src/stm32f7xx_hal_rcc.o
 .debug_line    0x0000000000005c5f     0x1a1a Drivers/STM32F7xx_HAL_Driver/Src/stm32f7xx_hal_tim.o
 .debug_line    0x0000000000007679      0xdd4 Drivers/STM32F7xx_HAL_Driver/Src/stm32f7xx_hal_tim_ex.o

.debug_str      0x0000000000000000    0xf0a38
 .debug_str     0x0000000000000000    0xed9fe Core/Src/app_main.o
                                      0xee163 (size before relaxing)
 .debug_str     0x00000000000ed9fe      0x45c Core/Src/main.o
                                      0xee3af (size before relaxing)
 .debug_str     0x00000000000ede5a      0x712 Core/Src/stm32f7xx_hal_msp.o
                                      0xee728 (size before relaxing)
 .debug_str     0x00000000000ee56c       0xea Core/Src/stm32f7xx_it.o
                                      0xedf4a (size before relaxing)
 .debug_str     0x00000000000ee656      0x18d Core/Src/system_stm32f7xx.o
                                      0xed947 (size before relaxing)
 .debug_str     0x00000000000ee7e3       0x36 Core/Startup/startup_stm32f767zitx.o
                                         0x86 (size before relaxing)
 .debug_str     0x00000000000ee819      0x3c7 Drivers/STM32F7xx_HAL_Driver/Src/stm32f7xx_hal.o
                                      0xee2d0 (size before relaxing)
 .debug_str     0x00000000000eebe0      0x394 Drivers/STM32F7xx_HAL_Driver/Src/stm32f7xx_hal_cortex.o
                                      0xee33c (size before relaxing)
 .debug_str     0x00000000000eef74      0x249 Drivers/STM32F7xx_HAL_Driver/Src/stm32f7xx_hal_gpio.o
                                      0xedb1d (size before relaxing)
 .debug_str     0x00000000000ef1bd      0x2c5 Drivers/STM32F7xx_HAL_Driver/Src/stm32f7xx_hal_pwr.o
                                      0xedbff (size before relaxing)
 .debug_str     0x00000000000ef482      0x1bd Drivers/STM32F7xx_HAL_Driver/Src/stm32f7xx_hal_pwr_ex.o
                                      0xedbc1 (size before relaxing)
 .debug_str     0x00000000000ef63f      0x286 Drivers/STM32F7xx_HAL_Driver/Src/stm32f7xx_hal_rcc.o
                                      0xedc7b (size before relaxing)
 .debug_str     0x00000000000ef8c5      0xbd1 Drivers/STM32F7xx_HAL_Driver/Src/stm32f7xx_hal_tim.o
                                      0xee9d3 (size before relaxing)
 .debug_str     0x00000000000f0496      0x5a2 Drivers/STM32F7xx_HAL_Driver/Src/stm32f7xx_hal_tim_ex.o
                                      0xee2e6 (size before relaxing)

.comment        0x0000000000000000       0x7b
 .comment       0x0000000000000000       0x7b Core/Src/app_main.o
                                         0x7c (size before relaxing)
 .comment       0x000000000000007b       0x7c Core/Src/main.o
 .comment       0x000000000000007b       0x7c Core/Src/stm32f7xx_hal_msp.o
 .comment       0x000000000000007b       0x7c Core/Src/stm32f7xx_it.o
 .comment       0x000000000000007b       0x7c Core/Src/system_stm32f7xx.o
 .comment       0x000000000000007b       0x7c Drivers/STM32F7xx_HAL_Driver/Src/stm32f7xx_hal.o
 .comment       0x000000000000007b       0x7c Drivers/STM32F7xx_HAL_Driver/Src/stm32f7xx_hal_cortex.o
 .comment       0x000000000000007b       0x7c Drivers/STM32F7xx_HAL_Driver/Src/stm32f7xx_hal_gpio.o
 .comment       0x000000000000007b       0x7c Drivers/STM32F7xx_HAL_Driver/Src/stm32f7xx_hal_pwr.o
 .comment       0x000000000000007b       0x7c Drivers/STM32F7xx_HAL_Driver/Src/stm32f7xx_hal_pwr_ex.o
 .comment       0x000000000000007b       0x7c Drivers/STM32F7xx_HAL_Driver/Src/stm32f7xx_hal_rcc.o
 .comment       0x000000000000007b       0x7c Drivers/STM32F7xx_HAL_Driver/Src/stm32f7xx_hal_tim.o
 .comment       0x000000000000007b       0x7c Drivers/STM32F7xx_HAL_Driver/Src/stm32f7xx_hal_tim_ex.o

.debug_frame    0x0000000000000000     0x2ce0
 .debug_frame   0x0000000000000000       0xe4 Core/Src/app_main.o
 .debug_frame   0x00000000000000e4      0x11c Core/Src/main.o
 .debug_frame   0x0000000000000200      0x13c Core/Src/stm32f7xx_hal_msp.o
 .debug_frame   0x000000000000033c      0x13c Core/Src/stm32f7xx_it.o
 .debug_frame   0x0000000000000478       0x58 Core/Src/system_stm32f7xx.o
 .debug_frame   0x00000000000004d0      0x3f4 Drivers/STM32F7xx_HAL_Driver/Src/stm32f7xx_hal.o
 .debug_frame   0x00000000000008c4      0x498 Drivers/STM32F7xx_HAL_Driver/Src/stm32f7xx_hal_cortex.o
 .debug_frame   0x0000000000000d5c      0x14c Drivers/STM32F7xx_HAL_Driver/Src/stm32f7xx_hal_gpio.o
 .debug_frame   0x0000000000000ea8      0x254 Drivers/STM32F7xx_HAL_Driver/Src/stm32f7xx_hal_pwr.o
 .debug_frame   0x00000000000010fc      0x1c8 Drivers/STM32F7xx_HAL_Driver/Src/stm32f7xx_hal_pwr_ex.o
 .debug_frame   0x00000000000012c4      0x1f4 Drivers/STM32F7xx_HAL_Driver/Src/stm32f7xx_hal_rcc.o
 .debug_frame   0x00000000000014b8     0x1144 Drivers/STM32F7xx_HAL_Driver/Src/stm32f7xx_hal_tim.o
 .debug_frame   0x00000000000025fc      0x638 Drivers/STM32F7xx_HAL_Driver/Src/stm32f7xx_hal_tim_ex.o
 .debug_frame   0x0000000000002c34       0x2c d:/programmi/stm32cubeide_1.5.1/stm32cubeide/plugins/com.st.stm32cube.ide.mcu.externaltools.gnu-tools-for-stm32.7-2018-q2-update.win32_1.5.0.202011040924/tools/bin/../lib/gcc/arm-none-eabi/7.3.1/../../../../arm-none-eabi/lib/thumb/v7e-m/fpv5/hard\libc_nano.a(lib_a-init.o)
 .debug_frame   0x0000000000002c60       0x20 d:/programmi/stm32cubeide_1.5.1/stm32cubeide/plugins/com.st.stm32cube.ide.mcu.externaltools.gnu-tools-for-stm32.7-2018-q2-update.win32_1.5.0.202011040924/tools/bin/../lib/gcc/arm-none-eabi/7.3.1/../../../../arm-none-eabi/lib/thumb/v7e-m/fpv5/hard\libc_nano.a(lib_a-memset.o)
 .debug_frame   0x0000000000002c80       0x2c d:/programmi/stm32cubeide_1.5.1/stm32cubeide/plugins/com.st.stm32cube.ide.mcu.externaltools.gnu-tools-for-stm32.7-2018-q2-update.win32_1.5.0.202011040924/tools/bin/../lib/gcc/arm-none-eabi/7.3.1/thumb/v7e-m/fpv5/hard\libgcc.a(_aeabi_uldivmod.o)
 .debug_frame   0x0000000000002cac       0x34 d:/programmi/stm32cubeide_1.5.1/stm32cubeide/plugins/com.st.stm32cube.ide.mcu.externaltools.gnu-tools-for-stm32.7-2018-q2-update.win32_1.5.0.202011040924/tools/bin/../lib/gcc/arm-none-eabi/7.3.1/thumb/v7e-m/fpv5/hard\libgcc.a(_udivmoddi4.o)
